180 run(s), one fresh server each

[1/180] case_001 seed=0 arm=strict -> /home/chiatzen/lossy-token-eff/logs/aime24_fresh/strict_case_001_seed0_20260809T085710Z.log
case_001 seed=0 mode=strict: L=1711 finish=stop l_bar=2.88 L/l_bar=594.1 final_ch=True wall=5.56s
[1/180] ok in 101s

[2/180] case_001 seed=0 arm=mentored_dec -> /home/chiatzen/lossy-token-eff/logs/aime24_fresh/mentoredDec0p37_case_001_seed0_20260809T085851Z.log
case_001 seed=0 mode=mentoredDec0p37: L=2067 finish=stop l_bar=3.118 L/l_bar=663.0 final_ch=True wall=6.29s
[2/180] ok in 108s

[3/180] case_001 seed=0 arm=cactus -> /home/chiatzen/lossy-token-eff/logs/aime24_fresh/cactus0p25_case_001_seed0_20260809T090039Z.log
case_001 seed=0 mode=cactus0p25: L=3829 finish=stop l_bar=4.509 L/l_bar=849.3 final_ch=True wall=8.77s
[3/180] ok in 108s

[4/180] case_001 seed=0 arm=spec_casc_opt -> /home/chiatzen/lossy-token-eff/logs/aime24_fresh/specCascOpt0p05_case_001_seed0_20260809T090226Z.log
case_001 seed=0 mode=specCascOpt0p05: L=8070 finish=stop l_bar=3.73 L/l_bar=2163.3 final_ch=True wall=21.35s
[4/180] ok in 116s

[5/180] case_001 seed=0 arm=r_fuzzy -> /home/chiatzen/lossy-token-eff/logs/aime24_fresh/rFuzzy0p3_case_001_seed0_20260809T090423Z.log
case_001 seed=0 mode=rFuzzy0p3: L=16370 finish=stop l_bar=4.506 L/l_bar=3632.8 final_ch=True wall=37.09s
[5/180] ok in 132s

[6/180] case_001 seed=0 arm=spec_casc_tok -> /home/chiatzen/lossy-token-eff/logs/aime24_fresh/specCascTok0p3_case_001_seed0_20260809T090635Z.log
case_001 seed=0 mode=specCascTok0p3: L=2005 finish=stop l_bar=2.994 L/l_bar=669.7 final_ch=True wall=6.35s
[6/180] ok in 101s

[7/180] case_002 seed=0 arm=strict -> /home/chiatzen/lossy-token-eff/logs/aime24_fresh/strict_case_002_seed0_20260809T090816Z.log
case_002 seed=0 mode=strict: L=32768 finish=length l_bar=1.87 L/l_bar=17522.8 final_ch=False wall=140.46s
[7/180] ok in 234s

[8/180] case_002 seed=0 arm=mentored_dec -> /home/chiatzen/lossy-token-eff/logs/aime24_fresh/mentoredDec0p37_case_002_seed0_20260809T091210Z.log
case_002 seed=0 mode=mentoredDec0p37: L=30452 finish=stop l_bar=2.364 L/l_bar=12878.9 final_ch=True wall=111.35s
[8/180] ok in 210s

[9/180] case_002 seed=0 arm=cactus -> /home/chiatzen/lossy-token-eff/logs/aime24_fresh/cactus0p25_case_002_seed0_20260809T091540Z.log
case_002 seed=0 mode=cactus0p25: L=32768 finish=length l_bar=3.862 L/l_bar=8485.3 final_ch=False wall=83.95s
[9/180] ok in 182s

[10/180] case_002 seed=0 arm=spec_casc_opt -> /home/chiatzen/lossy-token-eff/logs/aime24_fresh/specCascOpt0p05_case_002_seed0_20260809T091843Z.log
case_002 seed=0 mode=specCascOpt0p05: L=32768 finish=length l_bar=3.314 L/l_bar=9887.8 final_ch=False wall=94.75s
[10/180] ok in 189s

[11/180] case_002 seed=0 arm=r_fuzzy -> /home/chiatzen/lossy-token-eff/logs/aime24_fresh/rFuzzy0p3_case_002_seed0_20260809T092152Z.log
case_002 seed=0 mode=rFuzzy0p3: L=32768 finish=length l_bar=3.779 L/l_bar=8670.0 final_ch=False wall=84.83s
[11/180] ok in 180s

[12/180] case_002 seed=0 arm=spec_casc_tok -> /home/chiatzen/lossy-token-eff/logs/aime24_fresh/specCascTok0p3_case_002_seed0_20260809T092451Z.log
case_002 seed=0 mode=specCascTok0p3: L=32768 finish=length l_bar=2.055 L/l_bar=15945.4 final_ch=False wall=133.68s
[12/180] ok in 226s

[13/180] case_003 seed=0 arm=strict -> /home/chiatzen/lossy-token-eff/logs/aime24_fresh/strict_case_003_seed0_20260809T092838Z.log
case_003 seed=0 mode=strict: L=28934 finish=stop l_bar=1.679 L/l_bar=17235.3 final_ch=True wall=133.39s
[13/180] ok in 228s

[14/180] case_003 seed=0 arm=mentored_dec -> /home/chiatzen/lossy-token-eff/logs/aime24_fresh/mentoredDec0p37_case_003_seed0_20260809T093226Z.log
case_003 seed=0 mode=mentoredDec0p37: L=23657 finish=stop l_bar=2.167 L/l_bar=10918.7 final_ch=True wall=91.88s
[14/180] ok in 193s

[15/180] case_003 seed=0 arm=cactus -> /home/chiatzen/lossy-token-eff/logs/aime24_fresh/cactus0p25_case_003_seed0_20260809T093539Z.log
case_003 seed=0 mode=cactus0p25: L=32768 finish=length l_bar=4.409 L/l_bar=7431.7 final_ch=False wall=75.71s
[15/180] ok in 174s

[16/180] case_003 seed=0 arm=spec_casc_opt -> /home/chiatzen/lossy-token-eff/logs/aime24_fresh/specCascOpt0p05_case_003_seed0_20260809T093834Z.log
case_003 seed=0 mode=specCascOpt0p05: L=32768 finish=length l_bar=2.914 L/l_bar=11243.7 final_ch=False wall=103.70s
[16/180] ok in 199s

[17/180] case_003 seed=0 arm=r_fuzzy -> /home/chiatzen/lossy-token-eff/logs/aime24_fresh/rFuzzy0p3_case_003_seed0_20260809T094152Z.log
case_003 seed=0 mode=rFuzzy0p3: L=32768 finish=length l_bar=4.042 L/l_bar=8107.5 final_ch=False wall=81.49s
[17/180] ok in 176s

[18/180] case_003 seed=0 arm=spec_casc_tok -> /home/chiatzen/lossy-token-eff/logs/aime24_fresh/specCascTok0p3_case_003_seed0_20260809T094448Z.log
case_003 seed=0 mode=specCascTok0p3: L=22175 finish=stop l_bar=1.948 L/l_bar=11385.6 final_ch=True wall=93.54s
[18/180] ok in 188s

[19/180] case_004 seed=0 arm=strict -> /home/chiatzen/lossy-token-eff/logs/aime24_fresh/strict_case_004_seed0_20260809T094757Z.log
case_004 seed=0 mode=strict: L=10406 finish=stop l_bar=2.056 L/l_bar=5061.1 final_ch=True wall=41.82s
[19/180] ok in 135s

[20/180] case_004 seed=0 arm=mentored_dec -> /home/chiatzen/lossy-token-eff/logs/aime24_fresh/mentoredDec0p37_case_004_seed0_20260809T095012Z.log
case_004 seed=0 mode=mentoredDec0p37: L=15604 finish=stop l_bar=2.534 L/l_bar=6157.1 final_ch=True wall=54.05s
[20/180] ok in 155s

[21/180] case_004 seed=0 arm=cactus -> /home/chiatzen/lossy-token-eff/logs/aime24_fresh/cactus0p25_case_004_seed0_20260809T095247Z.log
case_004 seed=0 mode=cactus0p25: L=18243 finish=stop l_bar=4.263 L/l_bar=4279.0 final_ch=True wall=42.75s
[21/180] ok in 139s

[22/180] case_004 seed=0 arm=spec_casc_opt -> /home/chiatzen/lossy-token-eff/logs/aime24_fresh/specCascOpt0p05_case_004_seed0_20260809T095506Z.log
case_004 seed=0 mode=specCascOpt0p05: L=32768 finish=length l_bar=3.768 L/l_bar=8695.3 final_ch=False wall=85.66s
[22/180] ok in 181s

[23/180] case_004 seed=0 arm=r_fuzzy -> /home/chiatzen/lossy-token-eff/logs/aime24_fresh/rFuzzy0p3_case_004_seed0_20260809T095807Z.log
case_004 seed=0 mode=rFuzzy0p3: L=16823 finish=stop l_bar=4.204 L/l_bar=4002.1 final_ch=True wall=40.21s
[23/180] ok in 133s

[24/180] case_004 seed=0 arm=spec_casc_tok -> /home/chiatzen/lossy-token-eff/logs/aime24_fresh/specCascTok0p3_case_004_seed0_20260809T100019Z.log
case_004 seed=0 mode=specCascTok0p3: L=32768 finish=length l_bar=2.616 L/l_bar=12524.5 final_ch=False wall=113.41s
[24/180] ok in 208s

[25/180] case_005 seed=0 arm=strict -> /home/chiatzen/lossy-token-eff/logs/aime24_fresh/strict_case_005_seed0_20260809T100348Z.log
case_005 seed=0 mode=strict: L=5394 finish=stop l_bar=2.173 L/l_bar=2482.3 final_ch=True wall=20.97s
[25/180] ok in 114s

[26/180] case_005 seed=0 arm=mentored_dec -> /home/chiatzen/lossy-token-eff/logs/aime24_fresh/mentoredDec0p37_case_005_seed0_20260809T100542Z.log
case_005 seed=0 mode=mentoredDec0p37: L=5039 finish=stop l_bar=2.607 L/l_bar=1932.9 final_ch=True wall=17.17s
[26/180] ok in 116s

[27/180] case_005 seed=0 arm=cactus -> /home/chiatzen/lossy-token-eff/logs/aime24_fresh/cactus0p25_case_005_seed0_20260809T100739Z.log
case_005 seed=0 mode=cactus0p25: L=32768 finish=length l_bar=3.692 L/l_bar=8874.5 final_ch=False wall=86.82s
[27/180] ok in 185s

[28/180] case_005 seed=0 arm=spec_casc_opt -> /home/chiatzen/lossy-token-eff/logs/aime24_fresh/specCascOpt0p05_case_005_seed0_20260809T101044Z.log
case_005 seed=0 mode=specCascOpt0p05: L=32768 finish=length l_bar=3.43 L/l_bar=9552.5 final_ch=False wall=91.71s
[28/180] ok in 187s

[29/180] case_005 seed=0 arm=r_fuzzy -> /home/chiatzen/lossy-token-eff/logs/aime24_fresh/rFuzzy0p3_case_005_seed0_20260809T101351Z.log
case_005 seed=0 mode=rFuzzy0p3: L=32768 finish=length l_bar=4.019 L/l_bar=8153.6 final_ch=False wall=81.36s
[29/180] ok in 176s

[30/180] case_005 seed=0 arm=spec_casc_tok -> /home/chiatzen/lossy-token-eff/logs/aime24_fresh/specCascTok0p3_case_005_seed0_20260809T101647Z.log
case_005 seed=0 mode=specCascTok0p3: L=7038 finish=stop l_bar=2.289 L/l_bar=3075.0 final_ch=True wall=26.39s
[30/180] ok in 121s

[31/180] case_006 seed=0 arm=strict -> /home/chiatzen/lossy-token-eff/logs/aime24_fresh/strict_case_006_seed0_20260809T101848Z.log
case_006 seed=0 mode=strict: L=10613 finish=stop l_bar=2.236 L/l_bar=4746.5 final_ch=True wall=39.90s
[31/180] ok in 133s

[32/180] case_006 seed=0 arm=mentored_dec -> /home/chiatzen/lossy-token-eff/logs/aime24_fresh/mentoredDec0p37_case_006_seed0_20260809T102101Z.log
case_006 seed=0 mode=mentoredDec0p37: L=14667 finish=stop l_bar=2.782 L/l_bar=5271.4 final_ch=True wall=47.19s
[32/180] ok in 148s

[33/180] case_006 seed=0 arm=cactus -> /home/chiatzen/lossy-token-eff/logs/aime24_fresh/cactus0p25_case_006_seed0_20260809T102329Z.log
case_006 seed=0 mode=cactus0p25: L=32768 finish=length l_bar=3.852 L/l_bar=8507.2 final_ch=False wall=84.13s
[33/180] ok in 183s

[34/180] case_006 seed=0 arm=spec_casc_opt -> /home/chiatzen/lossy-token-eff/logs/aime24_fresh/specCascOpt0p05_case_006_seed0_20260809T102632Z.log
case_006 seed=0 mode=specCascOpt0p05: L=32768 finish=length l_bar=3.266 L/l_bar=10034.5 final_ch=False wall=94.27s
[34/180] ok in 187s

[35/180] case_006 seed=0 arm=r_fuzzy -> /home/chiatzen/lossy-token-eff/logs/aime24_fresh/rFuzzy0p3_case_006_seed0_20260809T102939Z.log
case_006 seed=0 mode=rFuzzy0p3: L=32768 finish=length l_bar=3.985 L/l_bar=8222.6 final_ch=False wall=80.81s
[35/180] ok in 173s

[36/180] case_006 seed=0 arm=spec_casc_tok -> /home/chiatzen/lossy-token-eff/logs/aime24_fresh/specCascTok0p3_case_006_seed0_20260809T103232Z.log
case_006 seed=0 mode=specCascTok0p3: L=11967 finish=stop l_bar=2.468 L/l_bar=4848.3 final_ch=True wall=42.80s
[36/180] ok in 137s

[37/180] case_007 seed=0 arm=strict -> /home/chiatzen/lossy-token-eff/logs/aime24_fresh/strict_case_007_seed0_20260809T103450Z.log
case_007 seed=0 mode=strict: L=6048 finish=stop l_bar=1.931 L/l_bar=3131.8 final_ch=True wall=25.33s
[37/180] ok in 119s

[38/180] case_007 seed=0 arm=mentored_dec -> /home/chiatzen/lossy-token-eff/logs/aime24_fresh/mentoredDec0p37_case_007_seed0_20260809T103648Z.log
case_007 seed=0 mode=mentoredDec0p37: L=24738 finish=stop l_bar=2.433 L/l_bar=10169.2 final_ch=True wall=88.01s
[38/180] ok in 188s

[39/180] case_007 seed=0 arm=cactus -> /home/chiatzen/lossy-token-eff/logs/aime24_fresh/cactus0p25_case_007_seed0_20260809T103957Z.log
case_007 seed=0 mode=cactus0p25: L=6982 finish=stop l_bar=3.66 L/l_bar=1907.4 final_ch=True wall=18.47s
[39/180] ok in 117s

[40/180] case_007 seed=0 arm=spec_casc_opt -> /home/chiatzen/lossy-token-eff/logs/aime24_fresh/specCascOpt0p05_case_007_seed0_20260809T104154Z.log
case_007 seed=0 mode=specCascOpt0p05: L=32768 finish=length l_bar=3.163 L/l_bar=10361.1 final_ch=False wall=97.54s
[40/180] ok in 192s

[41/180] case_007 seed=0 arm=r_fuzzy -> /home/chiatzen/lossy-token-eff/logs/aime24_fresh/rFuzzy0p3_case_007_seed0_20260809T104506Z.log
case_007 seed=0 mode=rFuzzy0p3: L=17038 finish=stop l_bar=3.913 L/l_bar=4354.6 final_ch=True wall=42.91s
[41/180] ok in 137s

[42/180] case_007 seed=0 arm=spec_casc_tok -> /home/chiatzen/lossy-token-eff/logs/aime24_fresh/specCascTok0p3_case_007_seed0_20260809T104723Z.log
case_007 seed=0 mode=specCascTok0p3: L=4428 finish=stop l_bar=2.2 L/l_bar=2012.6 final_ch=True wall=17.00s
[42/180] ok in 110s

[43/180] case_008 seed=0 arm=strict -> /home/chiatzen/lossy-token-eff/logs/aime24_fresh/strict_case_008_seed0_20260809T104913Z.log
case_008 seed=0 mode=strict: L=1976 finish=stop l_bar=2.431 L/l_bar=813.0 final_ch=True wall=7.22s
[43/180] ok in 102s

[44/180] case_008 seed=0 arm=mentored_dec -> /home/chiatzen/lossy-token-eff/logs/aime24_fresh/mentoredDec0p37_case_008_seed0_20260809T105056Z.log
case_008 seed=0 mode=mentoredDec0p37: L=3440 finish=stop l_bar=2.642 L/l_bar=1301.9 final_ch=True wall=11.56s
[44/180] ok in 113s

[45/180] case_008 seed=0 arm=cactus -> /home/chiatzen/lossy-token-eff/logs/aime24_fresh/cactus0p25_case_008_seed0_20260809T105248Z.log
case_008 seed=0 mode=cactus0p25: L=5163 finish=stop l_bar=3.744 L/l_bar=1379.1 final_ch=True wall=13.51s
[45/180] ok in 112s

[46/180] case_008 seed=0 arm=spec_casc_opt -> /home/chiatzen/lossy-token-eff/logs/aime24_fresh/specCascOpt0p05_case_008_seed0_20260809T105440Z.log
case_008 seed=0 mode=specCascOpt0p05: L=32768 finish=length l_bar=3.466 L/l_bar=9455.2 final_ch=False wall=91.06s
[46/180] ok in 186s

[47/180] case_008 seed=0 arm=r_fuzzy -> /home/chiatzen/lossy-token-eff/logs/aime24_fresh/rFuzzy0p3_case_008_seed0_20260809T105746Z.log
case_008 seed=0 mode=rFuzzy0p3: L=10527 finish=stop l_bar=4.13 L/l_bar=2548.8 final_ch=True wall=25.17s
[47/180] ok in 119s

[48/180] case_008 seed=0 arm=spec_casc_tok -> /home/chiatzen/lossy-token-eff/logs/aime24_fresh/specCascTok0p3_case_008_seed0_20260809T105945Z.log
case_008 seed=0 mode=specCascTok0p3: L=2824 finish=stop l_bar=2.415 L/l_bar=1169.5 final_ch=True wall=10.34s
[48/180] ok in 103s

[49/180] case_009 seed=0 arm=strict -> /home/chiatzen/lossy-token-eff/logs/aime24_fresh/strict_case_009_seed0_20260809T110128Z.log
case_009 seed=0 mode=strict: L=2916 finish=stop l_bar=2.29 L/l_bar=1273.3 final_ch=True wall=11.15s
[49/180] ok in 104s

[50/180] case_009 seed=0 arm=mentored_dec -> /home/chiatzen/lossy-token-eff/logs/aime24_fresh/mentoredDec0p37_case_009_seed0_20260809T110312Z.log
case_009 seed=0 mode=mentoredDec0p37: L=3179 finish=stop l_bar=2.965 L/l_bar=1072.1 final_ch=True wall=9.94s
[50/180] ok in 109s

[51/180] case_009 seed=0 arm=cactus -> /home/chiatzen/lossy-token-eff/logs/aime24_fresh/cactus0p25_case_009_seed0_20260809T110501Z.log
case_009 seed=0 mode=cactus0p25: L=6738 finish=stop l_bar=4.071 L/l_bar=1654.9 final_ch=True wall=16.49s
[51/180] ok in 113s

[52/180] case_009 seed=0 arm=spec_casc_opt -> /home/chiatzen/lossy-token-eff/logs/aime24_fresh/specCascOpt0p05_case_009_seed0_20260809T110654Z.log
case_009 seed=0 mode=specCascOpt0p05: L=12122 finish=stop l_bar=3.686 L/l_bar=3288.9 final_ch=True wall=32.27s
[52/180] ok in 127s

[53/180] case_009 seed=0 arm=r_fuzzy -> /home/chiatzen/lossy-token-eff/logs/aime24_fresh/rFuzzy0p3_case_009_seed0_20260809T110901Z.log
case_009 seed=0 mode=rFuzzy0p3: L=18154 finish=stop l_bar=4.177 L/l_bar=4346.7 final_ch=True wall=43.70s
[53/180] ok in 136s

[54/180] case_009 seed=0 arm=spec_casc_tok -> /home/chiatzen/lossy-token-eff/logs/aime24_fresh/specCascTok0p3_case_009_seed0_20260809T111117Z.log
case_009 seed=0 mode=specCascTok0p3: L=2275 finish=stop l_bar=2.416 L/l_bar=941.7 final_ch=True wall=8.47s
[54/180] ok in 103s

[55/180] case_010 seed=0 arm=strict -> /home/chiatzen/lossy-token-eff/logs/aime24_fresh/strict_case_010_seed0_20260809T111300Z.log
case_010 seed=0 mode=strict: L=1518 finish=stop l_bar=2.66 L/l_bar=570.6 final_ch=True wall=5.31s
[55/180] ok in 98s

[56/180] case_010 seed=0 arm=mentored_dec -> /home/chiatzen/lossy-token-eff/logs/aime24_fresh/mentoredDec0p37_case_010_seed0_20260809T111438Z.log
case_010 seed=0 mode=mentoredDec0p37: L=1657 finish=stop l_bar=3.372 L/l_bar=491.4 final_ch=True wall=4.83s
[56/180] ok in 104s

[57/180] case_010 seed=0 arm=cactus -> /home/chiatzen/lossy-token-eff/logs/aime24_fresh/cactus0p25_case_010_seed0_20260809T111622Z.log
case_010 seed=0 mode=cactus0p25: L=2297 finish=stop l_bar=4.073 L/l_bar=564.0 final_ch=True wall=5.79s
[57/180] ok in 104s

[58/180] case_010 seed=0 arm=spec_casc_opt -> /home/chiatzen/lossy-token-eff/logs/aime24_fresh/specCascOpt0p05_case_010_seed0_20260809T111806Z.log
case_010 seed=0 mode=specCascOpt0p05: L=2338 finish=stop l_bar=3.592 L/l_bar=650.9 final_ch=True wall=6.56s
[58/180] ok in 101s

[59/180] case_010 seed=0 arm=r_fuzzy -> /home/chiatzen/lossy-token-eff/logs/aime24_fresh/rFuzzy0p3_case_010_seed0_20260809T111947Z.log
case_010 seed=0 mode=rFuzzy0p3: L=2956 finish=stop l_bar=4.179 L/l_bar=707.4 final_ch=True wall=7.20s
[59/180] ok in 102s

[60/180] case_010 seed=0 arm=spec_casc_tok -> /home/chiatzen/lossy-token-eff/logs/aime24_fresh/specCascTok0p3_case_010_seed0_20260809T112129Z.log
case_010 seed=0 mode=specCascTok0p3: L=1768 finish=stop l_bar=2.565 L/l_bar=689.2 final_ch=True wall=6.32s
[60/180] ok in 101s

[61/180] case_011 seed=0 arm=strict -> /home/chiatzen/lossy-token-eff/logs/aime24_fresh/strict_case_011_seed0_20260809T112310Z.log
case_011 seed=0 mode=strict: L=4727 finish=stop l_bar=2.272 L/l_bar=2080.6 final_ch=True wall=17.91s
[61/180] ok in 111s

[62/180] case_011 seed=0 arm=mentored_dec -> /home/chiatzen/lossy-token-eff/logs/aime24_fresh/mentoredDec0p37_case_011_seed0_20260809T112501Z.log
case_011 seed=0 mode=mentoredDec0p37: L=29753 finish=stop l_bar=2.475 L/l_bar=12023.4 final_ch=True wall=105.20s
[62/180] ok in 205s

[63/180] case_011 seed=0 arm=cactus -> /home/chiatzen/lossy-token-eff/logs/aime24_fresh/cactus0p25_case_011_seed0_20260809T112826Z.log
case_011 seed=0 mode=cactus0p25: L=32768 finish=length l_bar=4.325 L/l_bar=7576.7 final_ch=False wall=77.52s
[63/180] ok in 176s

[64/180] case_011 seed=0 arm=spec_casc_opt -> /home/chiatzen/lossy-token-eff/logs/aime24_fresh/specCascOpt0p05_case_011_seed0_20260809T113122Z.log
case_011 seed=0 mode=specCascOpt0p05: L=32768 finish=length l_bar=3.595 L/l_bar=9114.2 final_ch=False wall=88.95s
[64/180] ok in 183s

[65/180] case_011 seed=0 arm=r_fuzzy -> /home/chiatzen/lossy-token-eff/logs/aime24_fresh/rFuzzy0p3_case_011_seed0_20260809T113425Z.log
case_011 seed=0 mode=rFuzzy0p3: L=27824 finish=stop l_bar=4.131 L/l_bar=6735.8 final_ch=True wall=67.22s
[65/180] ok in 162s

[66/180] case_011 seed=0 arm=spec_casc_tok -> /home/chiatzen/lossy-token-eff/logs/aime24_fresh/specCascTok0p3_case_011_seed0_20260809T113707Z.log
case_011 seed=0 mode=specCascTok0p3: L=27669 finish=stop l_bar=1.977 L/l_bar=13992.6 final_ch=True wall=115.56s
[66/180] ok in 210s

[67/180] case_012 seed=0 arm=strict -> /home/chiatzen/lossy-token-eff/logs/aime24_fresh/strict_case_012_seed0_20260809T114037Z.log
case_012 seed=0 mode=strict: L=2071 finish=stop l_bar=2.143 L/l_bar=966.6 final_ch=True wall=8.30s
[67/180] ok in 102s

[68/180] case_012 seed=0 arm=mentored_dec -> /home/chiatzen/lossy-token-eff/logs/aime24_fresh/mentoredDec0p37_case_012_seed0_20260809T114219Z.log
case_012 seed=0 mode=mentoredDec0p37: L=2893 finish=stop l_bar=2.544 L/l_bar=1137.1 final_ch=True wall=10.13s
[68/180] ok in 109s

[69/180] case_012 seed=0 arm=cactus -> /home/chiatzen/lossy-token-eff/logs/aime24_fresh/cactus0p25_case_012_seed0_20260809T114408Z.log
case_012 seed=0 mode=cactus0p25: L=4186 finish=stop l_bar=4.13 L/l_bar=1013.6 final_ch=True wall=10.34s
[69/180] ok in 107s

[70/180] case_012 seed=0 arm=spec_casc_opt -> /home/chiatzen/lossy-token-eff/logs/aime24_fresh/specCascOpt0p05_case_012_seed0_20260809T114555Z.log
case_012 seed=0 mode=specCascOpt0p05: L=5061 finish=stop l_bar=3.225 L/l_bar=1569.5 final_ch=True wall=14.99s
[70/180] ok in 110s

[71/180] case_012 seed=0 arm=r_fuzzy -> /home/chiatzen/lossy-token-eff/logs/aime24_fresh/rFuzzy0p3_case_012_seed0_20260809T114745Z.log
case_012 seed=0 mode=rFuzzy0p3: L=2667 finish=stop l_bar=3.797 L/l_bar=702.4 final_ch=True wall=7.12s
[71/180] ok in 102s

[72/180] case_012 seed=0 arm=spec_casc_tok -> /home/chiatzen/lossy-token-eff/logs/aime24_fresh/specCascTok0p3_case_012_seed0_20260809T114926Z.log
case_012 seed=0 mode=specCascTok0p3: L=1841 finish=stop l_bar=2.288 L/l_bar=804.8 final_ch=True wall=7.12s
[72/180] ok in 102s

[73/180] case_013 seed=0 arm=strict -> /home/chiatzen/lossy-token-eff/logs/aime24_fresh/strict_case_013_seed0_20260809T115108Z.log
case_013 seed=0 mode=strict: L=1491 finish=stop l_bar=2.291 L/l_bar=650.7 final_ch=True wall=5.62s
[73/180] ok in 99s

[74/180] case_013 seed=0 arm=mentored_dec -> /home/chiatzen/lossy-token-eff/logs/aime24_fresh/mentoredDec0p37_case_013_seed0_20260809T115247Z.log
case_013 seed=0 mode=mentoredDec0p37: L=4260 finish=stop l_bar=2.989 L/l_bar=1425.3 final_ch=True wall=13.00s
[74/180] ok in 112s

[75/180] case_013 seed=0 arm=cactus -> /home/chiatzen/lossy-token-eff/logs/aime24_fresh/cactus0p25_case_013_seed0_20260809T115439Z.log
case_013 seed=0 mode=cactus0p25: L=6252 finish=stop l_bar=3.958 L/l_bar=1579.6 final_ch=True wall=15.43s
[75/180] ok in 114s

[76/180] case_013 seed=0 arm=spec_casc_opt -> /home/chiatzen/lossy-token-eff/logs/aime24_fresh/specCascOpt0p05_case_013_seed0_20260809T115633Z.log
case_013 seed=0 mode=specCascOpt0p05: L=8145 finish=stop l_bar=3.876 L/l_bar=2101.7 final_ch=True wall=20.49s
[76/180] ok in 115s

[77/180] case_013 seed=0 arm=r_fuzzy -> /home/chiatzen/lossy-token-eff/logs/aime24_fresh/rFuzzy0p3_case_013_seed0_20260809T115828Z.log
case_013 seed=0 mode=rFuzzy0p3: L=6232 finish=stop l_bar=3.962 L/l_bar=1573.0 final_ch=True wall=15.24s
[77/180] ok in 107s

[78/180] case_013 seed=0 arm=spec_casc_tok -> /home/chiatzen/lossy-token-eff/logs/aime24_fresh/specCascTok0p3_case_013_seed0_20260809T120016Z.log
case_013 seed=0 mode=specCascTok0p3: L=1657 finish=stop l_bar=2.936 L/l_bar=564.4 final_ch=True wall=5.41s
[78/180] ok in 98s

[79/180] case_014 seed=0 arm=strict -> /home/chiatzen/lossy-token-eff/logs/aime24_fresh/strict_case_014_seed0_20260809T120154Z.log
case_014 seed=0 mode=strict: L=32768 finish=length l_bar=1.647 L/l_bar=19892.2 final_ch=False wall=152.20s
[79/180] ok in 245s

[80/180] case_014 seed=0 arm=mentored_dec -> /home/chiatzen/lossy-token-eff/logs/aime24_fresh/mentoredDec0p37_case_014_seed0_20260809T120559Z.log
case_014 seed=0 mode=mentoredDec0p37: L=30237 finish=stop l_bar=2.214 L/l_bar=13657.4 final_ch=True wall=114.57s
[80/180] ok in 216s

[81/180] case_014 seed=0 arm=cactus -> /home/chiatzen/lossy-token-eff/logs/aime24_fresh/cactus0p25_case_014_seed0_20260809T120934Z.log
case_014 seed=0 mode=cactus0p25: L=14292 finish=stop l_bar=4.491 L/l_bar=3182.4 final_ch=True wall=32.27s
[81/180] ok in 129s

[82/180] case_014 seed=0 arm=spec_casc_opt -> /home/chiatzen/lossy-token-eff/logs/aime24_fresh/specCascOpt0p05_case_014_seed0_20260809T121143Z.log
case_014 seed=0 mode=specCascOpt0p05: L=15671 finish=stop l_bar=3.056 L/l_bar=5128.1 final_ch=True wall=47.51s
[82/180] ok in 142s

[83/180] case_014 seed=0 arm=r_fuzzy -> /home/chiatzen/lossy-token-eff/logs/aime24_fresh/rFuzzy0p3_case_014_seed0_20260809T121405Z.log
case_014 seed=0 mode=rFuzzy0p3: L=7980 finish=stop l_bar=4.067 L/l_bar=1962.0 final_ch=True wall=19.64s
[83/180] ok in 115s

[84/180] case_014 seed=0 arm=spec_casc_tok -> /home/chiatzen/lossy-token-eff/logs/aime24_fresh/specCascTok0p3_case_014_seed0_20260809T121600Z.log
case_014 seed=0 mode=specCascTok0p3: L=10033 finish=stop l_bar=2.127 L/l_bar=4716.7 final_ch=True wall=39.63s
[84/180] ok in 132s

[85/180] case_015 seed=0 arm=strict -> /home/chiatzen/lossy-token-eff/logs/aime24_fresh/strict_case_015_seed0_20260809T121812Z.log
case_015 seed=0 mode=strict: L=4970 finish=stop l_bar=2.301 L/l_bar=2159.5 final_ch=True wall=18.38s
[85/180] ok in 111s

[86/180] case_015 seed=0 arm=mentored_dec -> /home/chiatzen/lossy-token-eff/logs/aime24_fresh/mentoredDec0p37_case_015_seed0_20260809T122003Z.log
case_015 seed=0 mode=mentoredDec0p37: L=11367 finish=stop l_bar=2.659 L/l_bar=4275.7 final_ch=True wall=38.13s
[86/180] ok in 139s

[87/180] case_015 seed=0 arm=cactus -> /home/chiatzen/lossy-token-eff/logs/aime24_fresh/cactus0p25_case_015_seed0_20260809T122222Z.log
case_015 seed=0 mode=cactus0p25: L=11383 finish=stop l_bar=4.1 L/l_bar=2776.4 final_ch=True wall=27.50s
[87/180] ok in 124s

[88/180] case_015 seed=0 arm=spec_casc_opt -> /home/chiatzen/lossy-token-eff/logs/aime24_fresh/specCascOpt0p05_case_015_seed0_20260809T122426Z.log
case_015 seed=0 mode=specCascOpt0p05: L=32768 finish=length l_bar=3.435 L/l_bar=9539.0 final_ch=True wall=91.18s
[88/180] ok in 184s

[89/180] case_015 seed=0 arm=r_fuzzy -> /home/chiatzen/lossy-token-eff/logs/aime24_fresh/rFuzzy0p3_case_015_seed0_20260809T122730Z.log
case_015 seed=0 mode=rFuzzy0p3: L=31476 finish=stop l_bar=4.065 L/l_bar=7742.8 final_ch=True wall=76.92s
[89/180] ok in 170s

[90/180] case_015 seed=0 arm=spec_casc_tok -> /home/chiatzen/lossy-token-eff/logs/aime24_fresh/specCascTok0p3_case_015_seed0_20260809T123019Z.log
case_015 seed=0 mode=specCascTok0p3: L=6823 finish=stop l_bar=2.587 L/l_bar=2637.1 final_ch=True wall=23.46s
[90/180] ok in 118s

[91/180] case_016 seed=0 arm=strict -> /home/chiatzen/lossy-token-eff/logs/aime24_fresh/strict_case_016_seed0_20260809T123218Z.log
case_016 seed=0 mode=strict: L=4346 finish=stop l_bar=2.344 L/l_bar=1854.2 final_ch=True wall=16.00s
[91/180] ok in 109s

[92/180] case_016 seed=0 arm=mentored_dec -> /home/chiatzen/lossy-token-eff/logs/aime24_fresh/mentoredDec0p37_case_016_seed0_20260809T123407Z.log
case_016 seed=0 mode=mentoredDec0p37: L=1478 finish=stop l_bar=3.008 L/l_bar=491.3 final_ch=True wall=4.71s
[92/180] ok in 104s

[93/180] case_016 seed=0 arm=cactus -> /home/chiatzen/lossy-token-eff/logs/aime24_fresh/cactus0p25_case_016_seed0_20260809T123551Z.log
case_016 seed=0 mode=cactus0p25: L=16969 finish=stop l_bar=4.428 L/l_bar=3832.2 final_ch=True wall=39.03s
[93/180] ok in 138s

[94/180] case_016 seed=0 arm=spec_casc_opt -> /home/chiatzen/lossy-token-eff/logs/aime24_fresh/specCascOpt0p05_case_016_seed0_20260809T123808Z.log
case_016 seed=0 mode=specCascOpt0p05: L=5811 finish=stop l_bar=3.562 L/l_bar=1631.4 final_ch=True wall=15.76s
[94/180] ok in 110s

[95/180] case_016 seed=0 arm=r_fuzzy -> /home/chiatzen/lossy-token-eff/logs/aime24_fresh/rFuzzy0p3_case_016_seed0_20260809T123958Z.log
case_016 seed=0 mode=rFuzzy0p3: L=4967 finish=stop l_bar=4.233 L/l_bar=1173.4 final_ch=True wall=11.86s
[95/180] ok in 107s

[96/180] case_016 seed=0 arm=spec_casc_tok -> /home/chiatzen/lossy-token-eff/logs/aime24_fresh/specCascTok0p3_case_016_seed0_20260809T124145Z.log
case_016 seed=0 mode=specCascTok0p3: L=1215 finish=stop l_bar=2.587 L/l_bar=469.7 final_ch=True wall=4.33s
[96/180] ok in 97s

[97/180] case_017 seed=0 arm=strict -> /home/chiatzen/lossy-token-eff/logs/aime24_fresh/strict_case_017_seed0_20260809T124322Z.log
case_017 seed=0 mode=strict: L=21576 finish=stop l_bar=2.115 L/l_bar=10200.4 final_ch=True wall=84.09s
[97/180] ok in 177s

[98/180] case_017 seed=0 arm=mentored_dec -> /home/chiatzen/lossy-token-eff/logs/aime24_fresh/mentoredDec0p37_case_017_seed0_20260809T124619Z.log
case_017 seed=0 mode=mentoredDec0p37: L=14683 finish=stop l_bar=2.824 L/l_bar=5199.9 final_ch=True wall=46.68s
[98/180] ok in 148s

[99/180] case_017 seed=0 arm=cactus -> /home/chiatzen/lossy-token-eff/logs/aime24_fresh/cactus0p25_case_017_seed0_20260809T124847Z.log
case_017 seed=0 mode=cactus0p25: L=29276 finish=stop l_bar=4.129 L/l_bar=7090.5 final_ch=True wall=70.57s
[99/180] ok in 169s

[100/180] case_017 seed=0 arm=spec_casc_opt -> /home/chiatzen/lossy-token-eff/logs/aime24_fresh/specCascOpt0p05_case_017_seed0_20260809T125136Z.log
case_017 seed=0 mode=specCascOpt0p05: L=32768 finish=length l_bar=3.199 L/l_bar=10243.7 final_ch=False wall=96.46s
[100/180] ok in 191s

[101/180] case_017 seed=0 arm=r_fuzzy -> /home/chiatzen/lossy-token-eff/logs/aime24_fresh/rFuzzy0p3_case_017_seed0_20260809T125447Z.log
case_017 seed=0 mode=rFuzzy0p3: L=27156 finish=stop l_bar=3.801 L/l_bar=7143.9 final_ch=True wall=69.46s
[101/180] ok in 164s

[102/180] case_017 seed=0 arm=spec_casc_tok -> /home/chiatzen/lossy-token-eff/logs/aime24_fresh/specCascTok0p3_case_017_seed0_20260809T125731Z.log
case_017 seed=0 mode=specCascTok0p3: L=6048 finish=stop l_bar=2.569 L/l_bar=2354.5 final_ch=True wall=20.67s
[102/180] ok in 113s

[103/180] case_018 seed=0 arm=strict -> /home/chiatzen/lossy-token-eff/logs/aime24_fresh/strict_case_018_seed0_20260809T125924Z.log
case_018 seed=0 mode=strict: L=5298 finish=stop l_bar=2.519 L/l_bar=2103.0 final_ch=True wall=18.38s
[103/180] ok in 111s

[104/180] case_018 seed=0 arm=mentored_dec -> /home/chiatzen/lossy-token-eff/logs/aime24_fresh/mentoredDec0p37_case_018_seed0_20260809T130115Z.log
case_018 seed=0 mode=mentoredDec0p37: L=14280 finish=stop l_bar=2.693 L/l_bar=5302.6 final_ch=True wall=46.83s
[104/180] ok in 148s

[105/180] case_018 seed=0 arm=cactus -> /home/chiatzen/lossy-token-eff/logs/aime24_fresh/cactus0p25_case_018_seed0_20260809T130344Z.log
case_018 seed=0 mode=cactus0p25: L=11234 finish=stop l_bar=4.036 L/l_bar=2783.5 final_ch=True wall=27.53s
[105/180] ok in 124s

[106/180] case_018 seed=0 arm=spec_casc_opt -> /home/chiatzen/lossy-token-eff/logs/aime24_fresh/specCascOpt0p05_case_018_seed0_20260809T130547Z.log
case_018 seed=0 mode=specCascOpt0p05: L=32768 finish=length l_bar=3.446 L/l_bar=9509.2 final_ch=False wall=91.41s
[106/180] ok in 186s

[107/180] case_018 seed=0 arm=r_fuzzy -> /home/chiatzen/lossy-token-eff/logs/aime24_fresh/rFuzzy0p3_case_018_seed0_20260809T130854Z.log
case_018 seed=0 mode=rFuzzy0p3: L=30703 finish=stop l_bar=4.263 L/l_bar=7202.3 final_ch=True wall=72.24s
[107/180] ok in 167s

[108/180] case_018 seed=0 arm=spec_casc_tok -> /home/chiatzen/lossy-token-eff/logs/aime24_fresh/specCascTok0p3_case_018_seed0_20260809T131140Z.log
case_018 seed=0 mode=specCascTok0p3: L=5277 finish=stop l_bar=2.618 L/l_bar=2016.0 final_ch=True wall=17.85s
[108/180] ok in 111s

[109/180] case_019 seed=0 arm=strict -> /home/chiatzen/lossy-token-eff/logs/aime24_fresh/strict_case_019_seed0_20260809T131331Z.log
case_019 seed=0 mode=strict: L=11554 finish=stop l_bar=2.224 L/l_bar=5195.7 final_ch=True wall=43.55s
[109/180] ok in 136s

[110/180] case_019 seed=0 arm=mentored_dec -> /home/chiatzen/lossy-token-eff/logs/aime24_fresh/mentoredDec0p37_case_019_seed0_20260809T131547Z.log
case_019 seed=0 mode=mentoredDec0p37: L=32768 finish=length l_bar=2.329 L/l_bar=14071.8 final_ch=True wall=120.76s
[110/180] ok in 222s

[111/180] case_019 seed=0 arm=cactus -> /home/chiatzen/lossy-token-eff/logs/aime24_fresh/cactus0p25_case_019_seed0_20260809T131929Z.log
case_019 seed=0 mode=cactus0p25: L=21876 finish=stop l_bar=4.203 L/l_bar=5204.4 final_ch=True wall=51.99s
[111/180] ok in 150s

[112/180] case_019 seed=0 arm=spec_casc_opt -> /home/chiatzen/lossy-token-eff/logs/aime24_fresh/specCascOpt0p05_case_019_seed0_20260809T132159Z.log
case_019 seed=0 mode=specCascOpt0p05: L=32768 finish=length l_bar=3.359 L/l_bar=9756.6 final_ch=False wall=93.75s
[112/180] ok in 188s

[113/180] case_019 seed=0 arm=r_fuzzy -> /home/chiatzen/lossy-token-eff/logs/aime24_fresh/rFuzzy0p3_case_019_seed0_20260809T132507Z.log
case_019 seed=0 mode=rFuzzy0p3: L=15452 finish=stop l_bar=4.171 L/l_bar=3704.3 final_ch=True wall=36.50s
[113/180] ok in 131s

[114/180] case_019 seed=0 arm=spec_casc_tok -> /home/chiatzen/lossy-token-eff/logs/aime24_fresh/specCascTok0p3_case_019_seed0_20260809T132719Z.log
case_019 seed=0 mode=specCascTok0p3: L=15885 finish=stop l_bar=2.122 L/l_bar=7484.3 final_ch=True wall=62.38s
[114/180] ok in 157s

[115/180] case_020 seed=0 arm=strict -> /home/chiatzen/lossy-token-eff/logs/aime24_fresh/strict_case_020_seed0_20260809T132956Z.log
case_020 seed=0 mode=strict: L=3342 finish=stop l_bar=2.423 L/l_bar=1379.4 final_ch=True wall=11.82s
[115/180] ok in 105s

[116/180] case_020 seed=0 arm=mentored_dec -> /home/chiatzen/lossy-token-eff/logs/aime24_fresh/mentoredDec0p37_case_020_seed0_20260809T133141Z.log
case_020 seed=0 mode=mentoredDec0p37: L=3282 finish=stop l_bar=2.712 L/l_bar=1210.4 final_ch=True wall=10.82s
[116/180] ok in 110s

[117/180] case_020 seed=0 arm=cactus -> /home/chiatzen/lossy-token-eff/logs/aime24_fresh/cactus0p25_case_020_seed0_20260809T133331Z.log
case_020 seed=0 mode=cactus0p25: L=23075 finish=stop l_bar=4.069 L/l_bar=5670.3 final_ch=True wall=56.51s
[117/180] ok in 153s

[118/180] case_020 seed=0 arm=spec_casc_opt -> /home/chiatzen/lossy-token-eff/logs/aime24_fresh/specCascOpt0p05_case_020_seed0_20260809T133604Z.log
case_020 seed=0 mode=specCascOpt0p05: L=8266 finish=stop l_bar=3.425 L/l_bar=2413.6 final_ch=True wall=22.69s
[118/180] ok in 118s

[119/180] case_020 seed=0 arm=r_fuzzy -> /home/chiatzen/lossy-token-eff/logs/aime24_fresh/rFuzzy0p3_case_020_seed0_20260809T133801Z.log
case_020 seed=0 mode=rFuzzy0p3: L=31809 finish=stop l_bar=3.93 L/l_bar=8093.7 final_ch=True wall=79.95s
[119/180] ok in 175s

[120/180] case_020 seed=0 arm=spec_casc_tok -> /home/chiatzen/lossy-token-eff/logs/aime24_fresh/specCascTok0p3_case_020_seed0_20260809T134056Z.log
case_020 seed=0 mode=specCascTok0p3: L=3439 finish=stop l_bar=3.022 L/l_bar=1137.9 final_ch=True wall=10.57s
[120/180] ok in 105s

[121/180] case_021 seed=0 arm=strict -> /home/chiatzen/lossy-token-eff/logs/aime24_fresh/strict_case_021_seed0_20260809T134241Z.log
case_021 seed=0 mode=strict: L=9852 finish=stop l_bar=1.947 L/l_bar=5060.0 final_ch=True wall=41.20s
[121/180] ok in 134s

[122/180] case_021 seed=0 arm=mentored_dec -> /home/chiatzen/lossy-token-eff/logs/aime24_fresh/mentoredDec0p37_case_021_seed0_20260809T134455Z.log
case_021 seed=0 mode=mentoredDec0p37: L=12334 finish=stop l_bar=2.8 L/l_bar=4405.4 final_ch=True wall=40.10s
[122/180] ok in 139s

[123/180] case_021 seed=0 arm=cactus -> /home/chiatzen/lossy-token-eff/logs/aime24_fresh/cactus0p25_case_021_seed0_20260809T134715Z.log
case_021 seed=0 mode=cactus0p25: L=32768 finish=length l_bar=4.089 L/l_bar=8013.7 final_ch=False wall=80.65s
[123/180] ok in 179s

[124/180] case_021 seed=0 arm=spec_casc_opt -> /home/chiatzen/lossy-token-eff/logs/aime24_fresh/specCascOpt0p05_case_021_seed0_20260809T135013Z.log
case_021 seed=0 mode=specCascOpt0p05: L=13223 finish=stop l_bar=3.272 L/l_bar=4040.8 final_ch=True wall=38.07s
[124/180] ok in 131s

[125/180] case_021 seed=0 arm=r_fuzzy -> /home/chiatzen/lossy-token-eff/logs/aime24_fresh/rFuzzy0p3_case_021_seed0_20260809T135224Z.log
case_021 seed=0 mode=rFuzzy0p3: L=32722 finish=stop l_bar=3.958 L/l_bar=8266.3 final_ch=True wall=81.85s
[125/180] ok in 176s

[126/180] case_021 seed=0 arm=spec_casc_tok -> /home/chiatzen/lossy-token-eff/logs/aime24_fresh/specCascTok0p3_case_021_seed0_20260809T135521Z.log
case_021 seed=0 mode=specCascTok0p3: L=5066 finish=stop l_bar=2.284 L/l_bar=2218.2 final_ch=True wall=19.24s
[126/180] ok in 114s

[127/180] case_022 seed=0 arm=strict -> /home/chiatzen/lossy-token-eff/logs/aime24_fresh/strict_case_022_seed0_20260809T135715Z.log
case_022 seed=0 mode=strict: L=8465 finish=stop l_bar=1.833 L/l_bar=4618.1 final_ch=True wall=36.15s
[127/180] ok in 129s

[128/180] case_022 seed=0 arm=mentored_dec -> /home/chiatzen/lossy-token-eff/logs/aime24_fresh/mentoredDec0p37_case_022_seed0_20260809T135924Z.log
case_022 seed=0 mode=mentoredDec0p37: L=5595 finish=stop l_bar=2.346 L/l_bar=2384.6 final_ch=True wall=20.49s
[128/180] ok in 121s

[129/180] case_022 seed=0 arm=cactus -> /home/chiatzen/lossy-token-eff/logs/aime24_fresh/cactus0p25_case_022_seed0_20260809T140126Z.log
case_022 seed=0 mode=cactus0p25: L=13273 finish=stop l_bar=4.373 L/l_bar=3035.0 final_ch=True wall=30.44s
[129/180] ok in 127s

[130/180] case_022 seed=0 arm=spec_casc_opt -> /home/chiatzen/lossy-token-eff/logs/aime24_fresh/specCascOpt0p05_case_022_seed0_20260809T140333Z.log
case_022 seed=0 mode=specCascOpt0p05: L=32768 finish=length l_bar=2.894 L/l_bar=11323.6 final_ch=False wall=104.35s
[130/180] ok in 197s

[131/180] case_022 seed=0 arm=r_fuzzy -> /home/chiatzen/lossy-token-eff/logs/aime24_fresh/rFuzzy0p3_case_022_seed0_20260809T140650Z.log
case_022 seed=0 mode=rFuzzy0p3: L=8146 finish=stop l_bar=4.05 L/l_bar=2011.3 final_ch=True wall=19.91s
[131/180] ok in 113s

[132/180] case_022 seed=0 arm=spec_casc_tok -> /home/chiatzen/lossy-token-eff/logs/aime24_fresh/specCascTok0p3_case_022_seed0_20260809T140842Z.log
case_022 seed=0 mode=specCascTok0p3: L=3088 finish=stop l_bar=1.94 L/l_bar=1591.7 final_ch=True wall=13.10s
[132/180] ok in 108s

[133/180] case_023 seed=0 arm=strict -> /home/chiatzen/lossy-token-eff/logs/aime24_fresh/strict_case_023_seed0_20260809T141030Z.log
case_023 seed=0 mode=strict: L=7786 finish=stop l_bar=2.045 L/l_bar=3806.7 final_ch=True wall=31.38s
[133/180] ok in 125s

[134/180] case_023 seed=0 arm=mentored_dec -> /home/chiatzen/lossy-token-eff/logs/aime24_fresh/mentoredDec0p37_case_023_seed0_20260809T141235Z.log
case_023 seed=0 mode=mentoredDec0p37: L=8008 finish=stop l_bar=2.505 L/l_bar=3196.2 final_ch=True wall=28.52s
[134/180] ok in 128s

[135/180] case_023 seed=0 arm=cactus -> /home/chiatzen/lossy-token-eff/logs/aime24_fresh/cactus0p25_case_023_seed0_20260809T141443Z.log
case_023 seed=0 mode=cactus0p25: L=10962 finish=stop l_bar=4.348 L/l_bar=2521.0 final_ch=True wall=25.52s
[135/180] ok in 124s

[136/180] case_023 seed=0 arm=spec_casc_opt -> /home/chiatzen/lossy-token-eff/logs/aime24_fresh/specCascOpt0p05_case_023_seed0_20260809T141647Z.log
case_023 seed=0 mode=specCascOpt0p05: L=11901 finish=stop l_bar=3.429 L/l_bar=3471.0 final_ch=True wall=33.38s
[136/180] ok in 128s

[137/180] case_023 seed=0 arm=r_fuzzy -> /home/chiatzen/lossy-token-eff/logs/aime24_fresh/rFuzzy0p3_case_023_seed0_20260809T141855Z.log
case_023 seed=0 mode=rFuzzy0p3: L=23416 finish=stop l_bar=4.514 L/l_bar=5187.4 final_ch=True wall=53.25s
[137/180] ok in 148s

[138/180] case_023 seed=0 arm=spec_casc_tok -> /home/chiatzen/lossy-token-eff/logs/aime24_fresh/specCascTok0p3_case_023_seed0_20260809T142123Z.log
case_023 seed=0 mode=specCascTok0p3: L=3762 finish=stop l_bar=2.084 L/l_bar=1804.8 final_ch=True wall=15.20s
[138/180] ok in 110s

[139/180] case_024 seed=0 arm=strict -> /home/chiatzen/lossy-token-eff/logs/aime24_fresh/strict_case_024_seed0_20260809T142313Z.log
case_024 seed=0 mode=strict: L=20202 finish=stop l_bar=2.466 L/l_bar=8193.0 final_ch=True wall=71.62s
[139/180] ok in 165s

[140/180] case_024 seed=0 arm=mentored_dec -> /home/chiatzen/lossy-token-eff/logs/aime24_fresh/mentoredDec0p37_case_024_seed0_20260809T142558Z.log
case_024 seed=0 mode=mentoredDec0p37: L=3632 finish=stop l_bar=2.903 L/l_bar=1251.0 final_ch=True wall=11.42s
[140/180] ok in 113s

[141/180] case_024 seed=0 arm=cactus -> /home/chiatzen/lossy-token-eff/logs/aime24_fresh/cactus0p25_case_024_seed0_20260809T142751Z.log
case_024 seed=0 mode=cactus0p25: L=26274 finish=stop l_bar=4.055 L/l_bar=6479.7 final_ch=True wall=65.25s
[141/180] ok in 163s

[142/180] case_024 seed=0 arm=spec_casc_opt -> /home/chiatzen/lossy-token-eff/logs/aime24_fresh/specCascOpt0p05_case_024_seed0_20260809T143034Z.log
case_024 seed=0 mode=specCascOpt0p05: L=11531 finish=stop l_bar=3.618 L/l_bar=3187.4 final_ch=True wall=30.61s
[142/180] ok in 125s

[143/180] case_024 seed=0 arm=r_fuzzy -> /home/chiatzen/lossy-token-eff/logs/aime24_fresh/rFuzzy0p3_case_024_seed0_20260809T143240Z.log
case_024 seed=0 mode=rFuzzy0p3: L=5227 finish=stop l_bar=4.152 L/l_bar=1259.0 final_ch=True wall=12.59s
[143/180] ok in 107s

[144/180] case_024 seed=0 arm=spec_casc_tok -> /home/chiatzen/lossy-token-eff/logs/aime24_fresh/specCascTok0p3_case_024_seed0_20260809T143427Z.log
case_024 seed=0 mode=specCascTok0p3: L=2994 finish=stop l_bar=2.696 L/l_bar=1110.4 final_ch=True wall=10.07s
[144/180] ok in 105s

[145/180] case_025 seed=0 arm=strict -> /home/chiatzen/lossy-token-eff/logs/aime24_fresh/strict_case_025_seed0_20260809T143612Z.log
case_025 seed=0 mode=strict: L=3043 finish=stop l_bar=2.694 L/l_bar=1129.5 final_ch=True wall=10.11s
[145/180] ok in 105s

[146/180] case_025 seed=0 arm=mentored_dec -> /home/chiatzen/lossy-token-eff/logs/aime24_fresh/mentoredDec0p37_case_025_seed0_20260809T143756Z.log
case_025 seed=0 mode=mentoredDec0p37: L=2744 finish=stop l_bar=3.215 L/l_bar=853.5 final_ch=True wall=8.15s
[146/180] ok in 109s

[147/180] case_025 seed=0 arm=cactus -> /home/chiatzen/lossy-token-eff/logs/aime24_fresh/cactus0p25_case_025_seed0_20260809T143946Z.log
case_025 seed=0 mode=cactus0p25: L=2773 finish=stop l_bar=4.296 L/l_bar=645.5 final_ch=True wall=6.53s
[147/180] ok in 105s

[148/180] case_025 seed=0 arm=spec_casc_opt -> /home/chiatzen/lossy-token-eff/logs/aime24_fresh/specCascOpt0p05_case_025_seed0_20260809T144131Z.log
case_025 seed=0 mode=specCascOpt0p05: L=6378 finish=stop l_bar=4.083 L/l_bar=1562.1 final_ch=True wall=15.45s
[148/180] ok in 108s

[149/180] case_025 seed=0 arm=r_fuzzy -> /home/chiatzen/lossy-token-eff/logs/aime24_fresh/rFuzzy0p3_case_025_seed0_20260809T144319Z.log
case_025 seed=0 mode=rFuzzy0p3: L=8893 finish=stop l_bar=4.517 L/l_bar=1968.6 final_ch=True wall=19.80s
[149/180] ok in 114s

[150/180] case_025 seed=0 arm=spec_casc_tok -> /home/chiatzen/lossy-token-eff/logs/aime24_fresh/specCascTok0p3_case_025_seed0_20260809T144513Z.log
case_025 seed=0 mode=specCascTok0p3: L=1545 finish=stop l_bar=3.068 L/l_bar=503.5 final_ch=True wall=4.86s
[150/180] ok in 100s

[151/180] case_026 seed=0 arm=strict -> /home/chiatzen/lossy-token-eff/logs/aime24_fresh/strict_case_026_seed0_20260809T144653Z.log
case_026 seed=0 mode=strict: L=32768 finish=length l_bar=1.911 L/l_bar=17147.9 final_ch=False wall=137.79s
[151/180] ok in 231s

[152/180] case_026 seed=0 arm=mentored_dec -> /home/chiatzen/lossy-token-eff/logs/aime24_fresh/mentoredDec0p37_case_026_seed0_20260809T145044Z.log
case_026 seed=0 mode=mentoredDec0p37: L=32768 finish=length l_bar=2.254 L/l_bar=14534.8 final_ch=False wall=123.47s
[152/180] ok in 225s

[153/180] case_026 seed=0 arm=cactus -> /home/chiatzen/lossy-token-eff/logs/aime24_fresh/cactus0p25_case_026_seed0_20260809T145428Z.log
case_026 seed=0 mode=cactus0p25: L=32768 finish=length l_bar=4.513 L/l_bar=7261.1 final_ch=False wall=73.65s
[153/180] ok in 172s

[154/180] case_026 seed=0 arm=spec_casc_opt -> /home/chiatzen/lossy-token-eff/logs/aime24_fresh/specCascOpt0p05_case_026_seed0_20260809T145720Z.log
case_026 seed=0 mode=specCascOpt0p05: L=32768 finish=length l_bar=3.104 L/l_bar=10556.0 final_ch=False wall=98.79s
[154/180] ok in 191s

[155/180] case_026 seed=0 arm=r_fuzzy -> /home/chiatzen/lossy-token-eff/logs/aime24_fresh/rFuzzy0p3_case_026_seed0_20260809T150032Z.log
case_026 seed=0 mode=rFuzzy0p3: L=29316 finish=stop l_bar=4.041 L/l_bar=7253.8 final_ch=True wall=72.50s
[155/180] ok in 165s

[156/180] case_026 seed=0 arm=spec_casc_tok -> /home/chiatzen/lossy-token-eff/logs/aime24_fresh/specCascTok0p3_case_026_seed0_20260809T150317Z.log
case_026 seed=0 mode=specCascTok0p3: L=22468 finish=stop l_bar=2.266 L/l_bar=9914.5 final_ch=True wall=84.42s
[156/180] ok in 179s

[157/180] case_027 seed=0 arm=strict -> /home/chiatzen/lossy-token-eff/logs/aime24_fresh/strict_case_027_seed0_20260809T150616Z.log
case_027 seed=0 mode=strict: L=2191 finish=stop l_bar=2.42 L/l_bar=905.5 final_ch=True wall=8.01s
[157/180] ok in 101s

[158/180] case_027 seed=0 arm=mentored_dec -> /home/chiatzen/lossy-token-eff/logs/aime24_fresh/mentoredDec0p37_case_027_seed0_20260809T150758Z.log
case_027 seed=0 mode=mentoredDec0p37: L=2454 finish=stop l_bar=2.993 L/l_bar=819.8 final_ch=True wall=7.73s
[158/180] ok in 107s

[159/180] case_027 seed=0 arm=cactus -> /home/chiatzen/lossy-token-eff/logs/aime24_fresh/cactus0p25_case_027_seed0_20260809T150944Z.log
case_027 seed=0 mode=cactus0p25: L=4356 finish=stop l_bar=4.241 L/l_bar=1027.2 final_ch=True wall=10.43s
[159/180] ok in 109s

[160/180] case_027 seed=0 arm=spec_casc_opt -> /home/chiatzen/lossy-token-eff/logs/aime24_fresh/specCascOpt0p05_case_027_seed0_20260809T151133Z.log
case_027 seed=0 mode=specCascOpt0p05: L=4429 finish=stop l_bar=3.494 L/l_bar=1267.6 final_ch=True wall=12.34s
[160/180] ok in 107s

[161/180] case_027 seed=0 arm=r_fuzzy -> /home/chiatzen/lossy-token-eff/logs/aime24_fresh/rFuzzy0p3_case_027_seed0_20260809T151320Z.log
case_027 seed=0 mode=rFuzzy0p3: L=6868 finish=stop l_bar=4.452 L/l_bar=1542.8 final_ch=True wall=15.72s
[161/180] ok in 109s

[162/180] case_027 seed=0 arm=spec_casc_tok -> /home/chiatzen/lossy-token-eff/logs/aime24_fresh/specCascTok0p3_case_027_seed0_20260809T151508Z.log
case_027 seed=0 mode=specCascTok0p3: L=2121 finish=stop l_bar=2.634 L/l_bar=805.4 final_ch=True wall=7.41s
[162/180] ok in 103s

[163/180] case_028 seed=0 arm=strict -> /home/chiatzen/lossy-token-eff/logs/aime24_fresh/strict_case_028_seed0_20260809T151651Z.log
case_028 seed=0 mode=strict: L=3680 finish=stop l_bar=2.436 L/l_bar=1510.9 final_ch=True wall=13.19s
[163/180] ok in 107s

[164/180] case_028 seed=0 arm=mentored_dec -> /home/chiatzen/lossy-token-eff/logs/aime24_fresh/mentoredDec0p37_case_028_seed0_20260809T151838Z.log
case_028 seed=0 mode=mentoredDec0p37: L=12087 finish=stop l_bar=2.77 L/l_bar=4363.4 final_ch=True wall=39.05s
[164/180] ok in 140s

[165/180] case_028 seed=0 arm=cactus -> /home/chiatzen/lossy-token-eff/logs/aime24_fresh/cactus0p25_case_028_seed0_20260809T152058Z.log
case_028 seed=0 mode=cactus0p25: L=31540 finish=stop l_bar=4.061 L/l_bar=7766.6 final_ch=True wall=77.82s
[165/180] ok in 176s

[166/180] case_028 seed=0 arm=spec_casc_opt -> /home/chiatzen/lossy-token-eff/logs/aime24_fresh/specCascOpt0p05_case_028_seed0_20260809T152354Z.log
case_028 seed=0 mode=specCascOpt0p05: L=32768 finish=length l_bar=3.792 L/l_bar=8641.6 final_ch=False wall=85.65s
[166/180] ok in 178s

[167/180] case_028 seed=0 arm=r_fuzzy -> /home/chiatzen/lossy-token-eff/logs/aime24_fresh/rFuzzy0p3_case_028_seed0_20260809T152652Z.log
case_028 seed=0 mode=rFuzzy0p3: L=32768 finish=length l_bar=4.145 L/l_bar=7906.2 final_ch=True wall=79.64s
[167/180] ok in 172s

[168/180] case_028 seed=0 arm=spec_casc_tok -> /home/chiatzen/lossy-token-eff/logs/aime24_fresh/specCascTok0p3_case_028_seed0_20260809T152945Z.log
case_028 seed=0 mode=specCascTok0p3: L=13969 finish=stop l_bar=2.736 L/l_bar=5105.1 final_ch=True wall=46.44s
[168/180] ok in 141s

[169/180] case_029 seed=0 arm=strict -> /home/chiatzen/lossy-token-eff/logs/aime24_fresh/strict_case_029_seed0_20260809T153206Z.log
case_029 seed=0 mode=strict: L=10687 finish=stop l_bar=2.161 L/l_bar=4944.9 final_ch=True wall=41.26s
[169/180] ok in 134s

[170/180] case_029 seed=0 arm=mentored_dec -> /home/chiatzen/lossy-token-eff/logs/aime24_fresh/mentoredDec0p37_case_029_seed0_20260809T153420Z.log
case_029 seed=0 mode=mentoredDec0p37: L=14039 finish=stop l_bar=2.574 L/l_bar=5454.0 final_ch=True wall=48.24s
[170/180] ok in 150s

[171/180] case_029 seed=0 arm=cactus -> /home/chiatzen/lossy-token-eff/logs/aime24_fresh/cactus0p25_case_029_seed0_20260809T153650Z.log
case_029 seed=0 mode=cactus0p25: L=27239 finish=stop l_bar=4.465 L/l_bar=6100.6 final_ch=True wall=62.41s
[171/180] ok in 159s

[172/180] case_029 seed=0 arm=spec_casc_opt -> /home/chiatzen/lossy-token-eff/logs/aime24_fresh/specCascOpt0p05_case_029_seed0_20260809T153929Z.log
case_029 seed=0 mode=specCascOpt0p05: L=14826 finish=stop l_bar=3.317 L/l_bar=4469.5 final_ch=True wall=42.29s
[172/180] ok in 137s

[173/180] case_029 seed=0 arm=r_fuzzy -> /home/chiatzen/lossy-token-eff/logs/aime24_fresh/rFuzzy0p3_case_029_seed0_20260809T154146Z.log
case_029 seed=0 mode=rFuzzy0p3: L=7452 finish=stop l_bar=4.296 L/l_bar=1734.8 final_ch=True wall=17.46s
[173/180] ok in 112s

[174/180] case_029 seed=0 arm=spec_casc_tok -> /home/chiatzen/lossy-token-eff/logs/aime24_fresh/specCascTok0p3_case_029_seed0_20260809T154339Z.log
case_029 seed=0 mode=specCascTok0p3: L=19587 finish=stop l_bar=2.227 L/l_bar=8795.8 final_ch=True wall=75.09s
[174/180] ok in 170s

[175/180] case_030 seed=0 arm=strict -> /home/chiatzen/lossy-token-eff/logs/aime24_fresh/strict_case_030_seed0_20260809T154629Z.log
case_030 seed=0 mode=strict: L=8202 finish=stop l_bar=1.74 L/l_bar=4714.3 final_ch=True wall=36.70s
[175/180] ok in 130s

[176/180] case_030 seed=0 arm=mentored_dec -> /home/chiatzen/lossy-token-eff/logs/aime24_fresh/mentoredDec0p37_case_030_seed0_20260809T154838Z.log
case_030 seed=0 mode=mentoredDec0p37: L=6369 finish=stop l_bar=2.389 L/l_bar=2666.2 final_ch=True wall=23.17s
[176/180] ok in 124s

[177/180] case_030 seed=0 arm=cactus -> /home/chiatzen/lossy-token-eff/logs/aime24_fresh/cactus0p25_case_030_seed0_20260809T155043Z.log
case_030 seed=0 mode=cactus0p25: L=32768 finish=length l_bar=4.589 L/l_bar=7141.3 final_ch=False wall=72.57s
[177/180] ok in 169s

[178/180] case_030 seed=0 arm=spec_casc_opt -> /home/chiatzen/lossy-token-eff/logs/aime24_fresh/specCascOpt0p05_case_030_seed0_20260809T155332Z.log
case_030 seed=0 mode=specCascOpt0p05: L=23016 finish=stop l_bar=2.859 L/l_bar=8051.8 final_ch=True wall=73.33s
[178/180] ok in 168s

[179/180] case_030 seed=0 arm=r_fuzzy -> /home/chiatzen/lossy-token-eff/logs/aime24_fresh/rFuzzy0p3_case_030_seed0_20260809T155620Z.log
case_030 seed=0 mode=rFuzzy0p3: L=31152 finish=stop l_bar=4.384 L/l_bar=7105.5 final_ch=True wall=71.76s
[179/180] ok in 164s

[180/180] case_030 seed=0 arm=spec_casc_tok -> /home/chiatzen/lossy-token-eff/logs/aime24_fresh/specCascTok0p3_case_030_seed0_20260809T155904Z.log
case_030 seed=0 mode=specCascTok0p3: L=8684 finish=stop l_bar=1.896 L/l_bar=4580.3 final_ch=True wall=37.08s
[180/180] ok in 132s

wrote /home/chiatzen/lossy-token-eff/runs/aime24_fresh/fresh_server_replay.json; 180/180 ok
