=== hsr_guard_c_rollout.sh starting 2026-08-24T02:08:42Z ===

free space check before gsm8k_qwen3: 7G
########## dataset=gsm8k_qwen3 started 2026-08-24T02:08:42Z (max_new_tokens=2048) ##########
12 run(s), one fresh server each

[1/12] case_001 seed=0 arm=spec_casc_tok_hsr_guard -> /home/chiatzen/lossy-token-eff/logs/hsr_guard_c_rollout/specCascTokHsrGuard0.3_budget10_pct99_k8_case_001_seed0_20260824T020842Z.log
case_001 seed=0 mode=specCascTokHsrGuard0.3_budget10_pct99_k8: L=636 finish=stop l_bar=1.268 L/l_bar=501.6 final_ch=False wall=4.51s
[1/12] ok in 77s

[2/12] case_002 seed=0 arm=spec_casc_tok_hsr_guard -> /home/chiatzen/lossy-token-eff/logs/hsr_guard_c_rollout/specCascTokHsrGuard0.3_budget10_pct99_k8_case_002_seed0_20260824T020959Z.log
case_002 seed=0 mode=specCascTokHsrGuard0.3_budget10_pct99_k8: L=623 finish=stop l_bar=1.13 L/l_bar=551.3 final_ch=False wall=4.64s
[2/12] ok in 76s

[3/12] case_003 seed=0 arm=spec_casc_tok_hsr_guard -> /home/chiatzen/lossy-token-eff/logs/hsr_guard_c_rollout/specCascTokHsrGuard0.3_budget10_pct99_k8_case_003_seed0_20260824T021115Z.log
case_003 seed=0 mode=specCascTokHsrGuard0.3_budget10_pct99_k8: L=2048 finish=length l_bar=1.843 L/l_bar=1111.2 final_ch=False wall=12.29s
[3/12] ok in 85s

[4/12] case_004 seed=0 arm=spec_casc_tok_hsr_guard -> /home/chiatzen/lossy-token-eff/logs/hsr_guard_c_rollout/specCascTokHsrGuard0.3_budget10_pct99_k8_case_004_seed0_20260824T021239Z.log
case_004 seed=0 mode=specCascTokHsrGuard0.3_budget10_pct99_k8: L=578 finish=stop l_bar=1.424 L/l_bar=405.8 final_ch=False wall=3.86s
[4/12] ok in 76s

[5/12] case_005 seed=0 arm=spec_casc_tok_hsr_guard -> /home/chiatzen/lossy-token-eff/logs/hsr_guard_c_rollout/specCascTokHsrGuard0.3_budget10_pct99_k8_case_005_seed0_20260824T021355Z.log
case_005 seed=0 mode=specCascTokHsrGuard0.3_budget10_pct99_k8: L=1976 finish=stop l_bar=1.432 L/l_bar=1379.6 final_ch=False wall=13.52s
[5/12] ok in 85s

[6/12] case_006 seed=0 arm=spec_casc_tok_hsr_guard -> /home/chiatzen/lossy-token-eff/logs/hsr_guard_c_rollout/specCascTokHsrGuard0.3_budget10_pct99_k8_case_006_seed0_20260824T021520Z.log
case_006 seed=0 mode=specCascTokHsrGuard0.3_budget10_pct99_k8: L=1585 finish=stop l_bar=1.323 L/l_bar=1198.4 final_ch=False wall=11.36s
[6/12] ok in 83s

[7/12] case_007 seed=0 arm=spec_casc_tok_hsr_guard -> /home/chiatzen/lossy-token-eff/logs/hsr_guard_c_rollout/specCascTokHsrGuard0.3_budget10_pct99_k8_case_007_seed0_20260824T021643Z.log
case_007 seed=0 mode=specCascTokHsrGuard0.3_budget10_pct99_k8: L=947 finish=stop l_bar=1.336 L/l_bar=708.9 final_ch=False wall=6.68s
[7/12] ok in 79s

[8/12] case_008 seed=0 arm=spec_casc_tok_hsr_guard -> /home/chiatzen/lossy-token-eff/logs/hsr_guard_c_rollout/specCascTokHsrGuard0.3_budget10_pct99_k8_case_008_seed0_20260824T021803Z.log
case_008 seed=0 mode=specCascTokHsrGuard0.3_budget10_pct99_k8: L=2048 finish=length l_bar=1.626 L/l_bar=1259.8 final_ch=False wall=13.30s
[8/12] ok in 86s

[9/12] case_009 seed=0 arm=spec_casc_tok_hsr_guard -> /home/chiatzen/lossy-token-eff/logs/hsr_guard_c_rollout/specCascTokHsrGuard0.3_budget10_pct99_k8_case_009_seed0_20260824T021928Z.log
case_009 seed=0 mode=specCascTokHsrGuard0.3_budget10_pct99_k8: L=2048 finish=length l_bar=1.566 L/l_bar=1307.4 final_ch=False wall=13.42s
[9/12] ok in 85s

[10/12] case_010 seed=0 arm=spec_casc_tok_hsr_guard -> /home/chiatzen/lossy-token-eff/logs/hsr_guard_c_rollout/specCascTokHsrGuard0.3_budget10_pct99_k8_case_010_seed0_20260824T022053Z.log
case_010 seed=0 mode=specCascTokHsrGuard0.3_budget10_pct99_k8: L=611 finish=stop l_bar=1.51 L/l_bar=404.6 final_ch=False wall=3.96s
[10/12] ok in 78s

[11/12] case_011 seed=0 arm=spec_casc_tok_hsr_guard -> /home/chiatzen/lossy-token-eff/logs/hsr_guard_c_rollout/specCascTokHsrGuard0.3_budget10_pct99_k8_case_011_seed0_20260824T022211Z.log
case_011 seed=0 mode=specCascTokHsrGuard0.3_budget10_pct99_k8: L=1479 finish=stop l_bar=1.799 L/l_bar=822.0 final_ch=False wall=9.00s
[11/12] ok in 81s

[12/12] case_012 seed=0 arm=spec_casc_tok_hsr_guard -> /home/chiatzen/lossy-token-eff/logs/hsr_guard_c_rollout/specCascTokHsrGuard0.3_budget10_pct99_k8_case_012_seed0_20260824T022333Z.log
case_012 seed=0 mode=specCascTokHsrGuard0.3_budget10_pct99_k8: L=1108 finish=stop l_bar=1.774 L/l_bar=624.4 final_ch=False wall=6.70s
[12/12] ok in 78s

wrote /home/chiatzen/lossy-token-eff/runs/gsm8k_qwen3/fresh_server_replay.json; 12/12 ok
dataset=gsm8k_qwen3 exited 0
########## dataset=gsm8k_qwen3 finished 2026-08-24T02:24:51Z ##########

free space check before mtbench_qwen3: 7G
########## dataset=mtbench_qwen3 started 2026-08-24T02:24:51Z (max_new_tokens=4096) ##########
12 run(s), one fresh server each

[1/12] case_001 seed=0 arm=spec_casc_tok_hsr_guard -> /home/chiatzen/lossy-token-eff/logs/hsr_guard_c_rollout/specCascTokHsrGuard0.3_budget10_pct99_k8_case_001_seed0_20260824T022451Z.log
case_001 seed=0 mode=specCascTokHsrGuard0.3_budget10_pct99_k8: L=2417 finish=stop l_bar=0.883 L/l_bar=2737.0 final_ch=False wall=20.70s
[1/12] ok in 95s

[2/12] case_002 seed=0 arm=spec_casc_tok_hsr_guard -> /home/chiatzen/lossy-token-eff/logs/hsr_guard_c_rollout/specCascTokHsrGuard0.3_budget10_pct99_k8_case_002_seed0_20260824T022625Z.log
case_002 seed=0 mode=specCascTokHsrGuard0.3_budget10_pct99_k8: L=1535 finish=stop l_bar=0.885 L/l_bar=1735.1 final_ch=False wall=13.13s
[2/12] ok in 87s

[3/12] case_003 seed=0 arm=spec_casc_tok_hsr_guard -> /home/chiatzen/lossy-token-eff/logs/hsr_guard_c_rollout/specCascTokHsrGuard0.3_budget10_pct99_k8_case_003_seed0_20260824T022753Z.log
case_003 seed=0 mode=specCascTokHsrGuard0.3_budget10_pct99_k8: L=1456 finish=stop l_bar=1.061 L/l_bar=1372.4 final_ch=False wall=11.63s
[3/12] ok in 84s

[4/12] case_004 seed=0 arm=spec_casc_tok_hsr_guard -> /home/chiatzen/lossy-token-eff/logs/hsr_guard_c_rollout/specCascTokHsrGuard0.3_budget10_pct99_k8_case_004_seed0_20260824T022916Z.log
case_004 seed=0 mode=specCascTokHsrGuard0.3_budget10_pct99_k8: L=2041 finish=stop l_bar=1.375 L/l_bar=1484.5 final_ch=False wall=14.09s
[4/12] ok in 86s

[5/12] case_005 seed=0 arm=spec_casc_tok_hsr_guard -> /home/chiatzen/lossy-token-eff/logs/hsr_guard_c_rollout/specCascTokHsrGuard0.3_budget10_pct99_k8_case_005_seed0_20260824T023042Z.log
case_005 seed=0 mode=specCascTokHsrGuard0.3_budget10_pct99_k8: L=646 finish=stop l_bar=1.258 L/l_bar=513.6 final_ch=False wall=4.69s
[5/12] ok in 77s

[6/12] case_006 seed=0 arm=spec_casc_tok_hsr_guard -> /home/chiatzen/lossy-token-eff/logs/hsr_guard_c_rollout/specCascTokHsrGuard0.3_budget10_pct99_k8_case_006_seed0_20260824T023159Z.log
case_006 seed=0 mode=specCascTokHsrGuard0.3_budget10_pct99_k8: L=3487 finish=stop l_bar=1.575 L/l_bar=2214.5 final_ch=False wall=23.05s
[6/12] ok in 97s

[7/12] case_007 seed=0 arm=spec_casc_tok_hsr_guard -> /home/chiatzen/lossy-token-eff/logs/hsr_guard_c_rollout/specCascTokHsrGuard0.3_budget10_pct99_k8_case_007_seed0_20260824T023336Z.log
case_007 seed=0 mode=specCascTokHsrGuard0.3_budget10_pct99_k8: L=4096 finish=length l_bar=1.211 L/l_bar=3382.0 final_ch=False wall=30.88s
[7/12] ok in 105s

[8/12] case_008 seed=0 arm=spec_casc_tok_hsr_guard -> /home/chiatzen/lossy-token-eff/logs/hsr_guard_c_rollout/specCascTokHsrGuard0.3_budget10_pct99_k8_case_008_seed0_20260824T023521Z.log
case_008 seed=0 mode=specCascTokHsrGuard0.3_budget10_pct99_k8: L=4010 finish=stop l_bar=1.545 L/l_bar=2595.4 final_ch=False wall=27.12s
[8/12] ok in 99s

[9/12] case_009 seed=0 arm=spec_casc_tok_hsr_guard -> /home/chiatzen/lossy-token-eff/logs/hsr_guard_c_rollout/specCascTokHsrGuard0.3_budget10_pct99_k8_case_009_seed0_20260824T023700Z.log
case_009 seed=0 mode=specCascTokHsrGuard0.3_budget10_pct99_k8: L=514 finish=stop l_bar=1.73 L/l_bar=297.1 final_ch=False wall=3.10s
[9/12] ok in 75s

[10/12] case_010 seed=0 arm=spec_casc_tok_hsr_guard -> /home/chiatzen/lossy-token-eff/logs/hsr_guard_c_rollout/specCascTokHsrGuard0.3_budget10_pct99_k8_case_010_seed0_20260824T023816Z.log
case_010 seed=0 mode=specCascTokHsrGuard0.3_budget10_pct99_k8: L=1763 finish=stop l_bar=1.056 L/l_bar=1669.6 final_ch=False wall=13.94s
[10/12] ok in 88s

[11/12] case_011 seed=0 arm=spec_casc_tok_hsr_guard -> /home/chiatzen/lossy-token-eff/logs/hsr_guard_c_rollout/specCascTokHsrGuard0.3_budget10_pct99_k8_case_011_seed0_20260824T023944Z.log
case_011 seed=0 mode=specCascTokHsrGuard0.3_budget10_pct99_k8: L=2711 finish=stop l_bar=0.907 L/l_bar=2988.6 final_ch=False wall=23.05s
[11/12] ok in 95s

[12/12] case_012 seed=0 arm=spec_casc_tok_hsr_guard -> /home/chiatzen/lossy-token-eff/logs/hsr_guard_c_rollout/specCascTokHsrGuard0.3_budget10_pct99_k8_case_012_seed0_20260824T024119Z.log
case_012 seed=0 mode=specCascTokHsrGuard0.3_budget10_pct99_k8: L=2819 finish=stop l_bar=1.191 L/l_bar=2366.3 final_ch=False wall=21.30s
[12/12] ok in 95s

wrote /home/chiatzen/lossy-token-eff/runs/mtbench_qwen3/fresh_server_replay.json; 12/12 ok
dataset=mtbench_qwen3 exited 0
########## dataset=mtbench_qwen3 finished 2026-08-24T02:42:55Z ##########

free space check before longbench_v2_qwen3: 7G
########## dataset=longbench_v2_qwen3 started 2026-08-24T02:42:55Z (max_new_tokens=8192) ##########
12 run(s), one fresh server each

[1/12] case_001 seed=0 arm=spec_casc_tok_hsr_guard -> /home/chiatzen/lossy-token-eff/logs/hsr_guard_c_rollout/specCascTokHsrGuard0.3_budget10_pct99_k8_case_001_seed0_20260824T024255Z.log
case_001 seed=0 mode=specCascTokHsrGuard0.3_budget10_pct99_k8: L=1516 finish=stop l_bar=0.338 L/l_bar=4488.6 final_ch=False wall=24.37s
[1/12] ok in 97s

[2/12] case_002 seed=0 arm=spec_casc_tok_hsr_guard -> /home/chiatzen/lossy-token-eff/logs/hsr_guard_c_rollout/specCascTokHsrGuard0.3_budget10_pct99_k8_case_002_seed0_20260824T024431Z.log
case_002 seed=0 mode=specCascTokHsrGuard0.3_budget10_pct99_k8: L=826 finish=stop l_bar=0.349 L/l_bar=2366.1 final_ch=False wall=15.52s
[2/12] ok in 88s

[3/12] case_003 seed=0 arm=spec_casc_tok_hsr_guard -> /home/chiatzen/lossy-token-eff/logs/hsr_guard_c_rollout/specCascTokHsrGuard0.3_budget10_pct99_k8_case_003_seed0_20260824T024559Z.log
case_003 seed=0 mode=specCascTokHsrGuard0.3_budget10_pct99_k8: L=929 finish=stop l_bar=0.395 L/l_bar=2349.0 final_ch=False wall=14.13s
[3/12] ok in 88s

[4/12] case_004 seed=0 arm=spec_casc_tok_hsr_guard -> /home/chiatzen/lossy-token-eff/logs/hsr_guard_c_rollout/specCascTokHsrGuard0.3_budget10_pct99_k8_case_004_seed0_20260824T024727Z.log
case_004 seed=0 mode=specCascTokHsrGuard0.3_budget10_pct99_k8: L=1387 finish=stop l_bar=0.748 L/l_bar=1854.0 final_ch=False wall=15.03s
[4/12] ok in 87s

[5/12] case_005 seed=0 arm=spec_casc_tok_hsr_guard -> /home/chiatzen/lossy-token-eff/logs/hsr_guard_c_rollout/specCascTokHsrGuard0.3_budget10_pct99_k8_case_005_seed0_20260824T024854Z.log
case_005 seed=0 mode=specCascTokHsrGuard0.3_budget10_pct99_k8: L=3797 finish=stop l_bar=1.107 L/l_bar=3431.4 final_ch=False wall=32.37s
[5/12] ok in 104s

[6/12] case_006 seed=0 arm=spec_casc_tok_hsr_guard -> /home/chiatzen/lossy-token-eff/logs/hsr_guard_c_rollout/specCascTokHsrGuard0.3_budget10_pct99_k8_case_006_seed0_20260824T025039Z.log
case_006 seed=0 mode=specCascTokHsrGuard0.3_budget10_pct99_k8: L=3848 finish=stop l_bar=0.514 L/l_bar=7486.8 final_ch=False wall=48.19s
[6/12] ok in 122s

[7/12] case_007 seed=0 arm=spec_casc_tok_hsr_guard -> /home/chiatzen/lossy-token-eff/logs/hsr_guard_c_rollout/specCascTokHsrGuard0.3_budget10_pct99_k8_case_007_seed0_20260824T025240Z.log
case_007 seed=0 mode=specCascTokHsrGuard0.3_budget10_pct99_k8: L=1585 finish=stop l_bar=0.326 L/l_bar=4869.1 final_ch=False wall=26.43s
[7/12] ok in 100s

[8/12] case_008 seed=0 arm=spec_casc_tok_hsr_guard -> /home/chiatzen/lossy-token-eff/logs/hsr_guard_c_rollout/specCascTokHsrGuard0.3_budget10_pct99_k8_case_008_seed0_20260824T025421Z.log
case_008 seed=0 mode=specCascTokHsrGuard0.3_budget10_pct99_k8: L=3849 finish=stop l_bar=1.264 L/l_bar=3046.2 final_ch=False wall=35.43s
[8/12] ok in 108s

[9/12] case_009 seed=0 arm=spec_casc_tok_hsr_guard -> /home/chiatzen/lossy-token-eff/logs/hsr_guard_c_rollout/specCascTokHsrGuard0.3_budget10_pct99_k8_case_009_seed0_20260824T025609Z.log
case_009 seed=0 mode=specCascTokHsrGuard0.3_budget10_pct99_k8: L=5660 finish=stop l_bar=1.316 L/l_bar=4299.6 final_ch=False wall=48.95s
[9/12] ok in 121s

[10/12] case_010 seed=0 arm=spec_casc_tok_hsr_guard -> /home/chiatzen/lossy-token-eff/logs/hsr_guard_c_rollout/specCascTokHsrGuard0.3_budget10_pct99_k8_case_010_seed0_20260824T025810Z.log
case_010 seed=0 mode=specCascTokHsrGuard0.3_budget10_pct99_k8: L=1408 finish=stop l_bar=0.375 L/l_bar=3751.0 final_ch=False wall=22.61s
[10/12] ok in 95s

[11/12] case_011 seed=0 arm=spec_casc_tok_hsr_guard -> /home/chiatzen/lossy-token-eff/logs/hsr_guard_c_rollout/specCascTokHsrGuard0.3_budget10_pct99_k8_case_011_seed0_20260824T025945Z.log
case_011 seed=0 mode=specCascTokHsrGuard0.3_budget10_pct99_k8: L=1378 finish=stop l_bar=0.559 L/l_bar=2463.1 final_ch=False wall=16.81s
[11/12] ok in 91s

[12/12] case_012 seed=0 arm=spec_casc_tok_hsr_guard -> /home/chiatzen/lossy-token-eff/logs/hsr_guard_c_rollout/specCascTokHsrGuard0.3_budget10_pct99_k8_case_012_seed0_20260824T030115Z.log
case_012 seed=0 mode=specCascTokHsrGuard0.3_budget10_pct99_k8: L=3364 finish=stop l_bar=0.869 L/l_bar=3869.1 final_ch=False wall=32.88s
[12/12] ok in 107s

wrote /home/chiatzen/lossy-token-eff/runs/longbench_v2_qwen3/fresh_server_replay.json; 12/12 ok
dataset=longbench_v2_qwen3 exited 0
########## dataset=longbench_v2_qwen3 finished 2026-08-24T03:03:02Z ##########

free space check before humaneval_qwen3: 7G
########## dataset=humaneval_qwen3 started 2026-08-24T03:03:02Z (max_new_tokens=9000) ##########
12 run(s), one fresh server each

[1/12] case_001 seed=0 arm=spec_casc_tok_hsr_guard -> /home/chiatzen/lossy-token-eff/logs/hsr_guard_c_rollout/specCascTokHsrGuard0.3_budget10_pct99_k8_case_001_seed0_20260824T030302Z.log
case_001 seed=0 mode=specCascTokHsrGuard0.3_budget10_pct99_k8: L=3943 finish=stop l_bar=1.624 L/l_bar=2427.8 final_ch=False wall=25.73s
[1/12] ok in 100s

[2/12] case_002 seed=0 arm=spec_casc_tok_hsr_guard -> /home/chiatzen/lossy-token-eff/logs/hsr_guard_c_rollout/specCascTokHsrGuard0.3_budget10_pct99_k8_case_002_seed0_20260824T030442Z.log
case_002 seed=0 mode=specCascTokHsrGuard0.3_budget10_pct99_k8: L=3246 finish=stop l_bar=1.092 L/l_bar=2972.3 final_ch=False wall=25.89s
[2/12] ok in 98s

[3/12] case_003 seed=0 arm=spec_casc_tok_hsr_guard -> /home/chiatzen/lossy-token-eff/logs/hsr_guard_c_rollout/specCascTokHsrGuard0.3_budget10_pct99_k8_case_003_seed0_20260824T030620Z.log
case_003 seed=0 mode=specCascTokHsrGuard0.3_budget10_pct99_k8: L=1477 finish=stop l_bar=1.392 L/l_bar=1061.4 final_ch=False wall=10.26s
[3/12] ok in 84s

[4/12] case_004 seed=0 arm=spec_casc_tok_hsr_guard -> /home/chiatzen/lossy-token-eff/logs/hsr_guard_c_rollout/specCascTokHsrGuard0.3_budget10_pct99_k8_case_004_seed0_20260824T030744Z.log
case_004 seed=0 mode=specCascTokHsrGuard0.3_budget10_pct99_k8: L=1333 finish=stop l_bar=1.324 L/l_bar=1006.8 final_ch=False wall=9.41s
[4/12] ok in 81s

[5/12] case_005 seed=0 arm=spec_casc_tok_hsr_guard -> /home/chiatzen/lossy-token-eff/logs/hsr_guard_c_rollout/specCascTokHsrGuard0.3_budget10_pct99_k8_case_005_seed0_20260824T030906Z.log
case_005 seed=0 mode=specCascTokHsrGuard0.3_budget10_pct99_k8: L=1402 finish=stop l_bar=1.523 L/l_bar=920.3 final_ch=False wall=9.30s
[5/12] ok in 82s

[6/12] case_006 seed=0 arm=spec_casc_tok_hsr_guard -> /home/chiatzen/lossy-token-eff/logs/hsr_guard_c_rollout/specCascTokHsrGuard0.3_budget10_pct99_k8_case_006_seed0_20260824T031027Z.log
case_006 seed=0 mode=specCascTokHsrGuard0.3_budget10_pct99_k8: L=1467 finish=stop l_bar=1.255 L/l_bar=1168.9 final_ch=False wall=10.85s
[6/12] ok in 83s

[7/12] case_007 seed=0 arm=spec_casc_tok_hsr_guard -> /home/chiatzen/lossy-token-eff/logs/hsr_guard_c_rollout/specCascTokHsrGuard0.3_budget10_pct99_k8_case_007_seed0_20260824T031151Z.log
case_007 seed=0 mode=specCascTokHsrGuard0.3_budget10_pct99_k8: L=1829 finish=stop l_bar=1.317 L/l_bar=1388.4 final_ch=False wall=12.95s
[7/12] ok in 85s

[8/12] case_008 seed=0 arm=spec_casc_tok_hsr_guard -> /home/chiatzen/lossy-token-eff/logs/hsr_guard_c_rollout/specCascTokHsrGuard0.3_budget10_pct99_k8_case_008_seed0_20260824T031316Z.log
case_008 seed=0 mode=specCascTokHsrGuard0.3_budget10_pct99_k8: L=1153 finish=stop l_bar=1.263 L/l_bar=913.1 final_ch=False wall=8.44s
[8/12] ok in 81s

[9/12] case_009 seed=0 arm=spec_casc_tok_hsr_guard -> /home/chiatzen/lossy-token-eff/logs/hsr_guard_c_rollout/specCascTokHsrGuard0.3_budget10_pct99_k8_case_009_seed0_20260824T031436Z.log
case_009 seed=0 mode=specCascTokHsrGuard0.3_budget10_pct99_k8: L=972 finish=stop l_bar=1.637 L/l_bar=593.8 final_ch=False wall=6.04s
[9/12] ok in 78s

[10/12] case_010 seed=0 arm=spec_casc_tok_hsr_guard -> /home/chiatzen/lossy-token-eff/logs/hsr_guard_c_rollout/specCascTokHsrGuard0.3_budget10_pct99_k8_case_010_seed0_20260824T031555Z.log
case_010 seed=0 mode=specCascTokHsrGuard0.3_budget10_pct99_k8: L=1538 finish=stop l_bar=1.519 L/l_bar=1012.6 final_ch=False wall=10.35s
[10/12] ok in 83s

[11/12] case_011 seed=0 arm=spec_casc_tok_hsr_guard -> /home/chiatzen/lossy-token-eff/logs/hsr_guard_c_rollout/specCascTokHsrGuard0.3_budget10_pct99_k8_case_011_seed0_20260824T031717Z.log
case_011 seed=0 mode=specCascTokHsrGuard0.3_budget10_pct99_k8: L=3894 finish=stop l_bar=1.199 L/l_bar=3246.8 final_ch=False wall=29.80s
[11/12] ok in 102s

[12/12] case_012 seed=0 arm=spec_casc_tok_hsr_guard -> /home/chiatzen/lossy-token-eff/logs/hsr_guard_c_rollout/specCascTokHsrGuard0.3_budget10_pct99_k8_case_012_seed0_20260824T031859Z.log
case_012 seed=0 mode=specCascTokHsrGuard0.3_budget10_pct99_k8: L=3150 finish=stop l_bar=1.355 L/l_bar=2324.3 final_ch=False wall=22.57s
[12/12] ok in 95s

wrote /home/chiatzen/lossy-token-eff/runs/humaneval_qwen3/fresh_server_replay.json; 12/12 ok
dataset=humaneval_qwen3 exited 0
########## dataset=humaneval_qwen3 finished 2026-08-24T03:20:34Z ##########

free space check before livecodebench_qwen3: 7G
########## dataset=livecodebench_qwen3 started 2026-08-24T03:20:34Z (max_new_tokens=12000) ##########
12 run(s), one fresh server each

[1/12] case_001 seed=0 arm=spec_casc_tok_hsr_guard -> /home/chiatzen/lossy-token-eff/logs/hsr_guard_c_rollout/specCascTokHsrGuard0.3_budget10_pct99_k8_case_001_seed0_20260824T032034Z.log
case_001 seed=0 mode=specCascTokHsrGuard0.3_budget10_pct99_k8: L=4915 finish=stop l_bar=1.165 L/l_bar=4220.0 final_ch=False wall=39.01s
[1/12] ok in 113s

[2/12] case_002 seed=0 arm=spec_casc_tok_hsr_guard -> /home/chiatzen/lossy-token-eff/logs/hsr_guard_c_rollout/specCascTokHsrGuard0.3_budget10_pct99_k8_case_002_seed0_20260824T032227Z.log
case_002 seed=0 mode=specCascTokHsrGuard0.3_budget10_pct99_k8: L=12000 finish=length l_bar=1.043 L/l_bar=11500.7 final_ch=False wall=100.37s
[2/12] ok in 172s

[3/12] case_003 seed=0 arm=spec_casc_tok_hsr_guard -> /home/chiatzen/lossy-token-eff/logs/hsr_guard_c_rollout/specCascTokHsrGuard0.3_budget10_pct99_k8_case_003_seed0_20260824T032520Z.log
case_003 seed=0 mode=specCascTokHsrGuard0.3_budget10_pct99_k8: L=12000 finish=length l_bar=1.117 L/l_bar=10745.2 final_ch=False wall=97.78s
[3/12] ok in 170s

[4/12] case_004 seed=0 arm=spec_casc_tok_hsr_guard -> /home/chiatzen/lossy-token-eff/logs/hsr_guard_c_rollout/specCascTokHsrGuard0.3_budget10_pct99_k8_case_004_seed0_20260824T032810Z.log
case_004 seed=0 mode=specCascTokHsrGuard0.3_budget10_pct99_k8: L=12000 finish=length l_bar=1.086 L/l_bar=11045.5 final_ch=False wall=99.35s
[4/12] ok in 171s

[5/12] case_005 seed=0 arm=spec_casc_tok_hsr_guard -> /home/chiatzen/lossy-token-eff/logs/hsr_guard_c_rollout/specCascTokHsrGuard0.3_budget10_pct99_k8_case_005_seed0_20260824T033101Z.log
case_005 seed=0 mode=specCascTokHsrGuard0.3_budget10_pct99_k8: L=8477 finish=stop l_bar=1.35 L/l_bar=6277.3 final_ch=False wall=62.40s
[5/12] ok in 137s

[6/12] case_006 seed=0 arm=spec_casc_tok_hsr_guard -> /home/chiatzen/lossy-token-eff/logs/hsr_guard_c_rollout/specCascTokHsrGuard0.3_budget10_pct99_k8_case_006_seed0_20260824T033318Z.log
case_006 seed=0 mode=specCascTokHsrGuard0.3_budget10_pct99_k8: L=10986 finish=stop l_bar=1.17 L/l_bar=9389.0 final_ch=False wall=86.26s
[6/12] ok in 159s

[7/12] case_007 seed=0 arm=spec_casc_tok_hsr_guard -> /home/chiatzen/lossy-token-eff/logs/hsr_guard_c_rollout/specCascTokHsrGuard0.3_budget10_pct99_k8_case_007_seed0_20260824T033556Z.log
case_007 seed=0 mode=specCascTokHsrGuard0.3_budget10_pct99_k8: L=10249 finish=stop l_bar=1.167 L/l_bar=8778.8 final_ch=False wall=81.06s
[7/12] ok in 155s

[8/12] case_008 seed=0 arm=spec_casc_tok_hsr_guard -> /home/chiatzen/lossy-token-eff/logs/hsr_guard_c_rollout/specCascTokHsrGuard0.3_budget10_pct99_k8_case_008_seed0_20260824T033831Z.log
case_008 seed=0 mode=specCascTokHsrGuard0.3_budget10_pct99_k8: L=5525 finish=stop l_bar=1.303 L/l_bar=4241.4 final_ch=False wall=41.44s
[8/12] ok in 114s

[9/12] case_009 seed=0 arm=spec_casc_tok_hsr_guard -> /home/chiatzen/lossy-token-eff/logs/hsr_guard_c_rollout/specCascTokHsrGuard0.3_budget10_pct99_k8_case_009_seed0_20260824T034025Z.log
case_009 seed=0 mode=specCascTokHsrGuard0.3_budget10_pct99_k8: L=12000 finish=length l_bar=1.241 L/l_bar=9671.9 final_ch=False wall=92.70s
[9/12] ok in 166s

[10/12] case_010 seed=0 arm=spec_casc_tok_hsr_guard -> /home/chiatzen/lossy-token-eff/logs/hsr_guard_c_rollout/specCascTokHsrGuard0.3_budget10_pct99_k8_case_010_seed0_20260824T034311Z.log
case_010 seed=0 mode=specCascTokHsrGuard0.3_budget10_pct99_k8: L=3436 finish=stop l_bar=1.258 L/l_bar=2730.5 final_ch=False wall=25.46s
[10/12] ok in 100s

[11/12] case_011 seed=0 arm=spec_casc_tok_hsr_guard -> /home/chiatzen/lossy-token-eff/logs/hsr_guard_c_rollout/specCascTokHsrGuard0.3_budget10_pct99_k8_case_011_seed0_20260824T034451Z.log
case_011 seed=0 mode=specCascTokHsrGuard0.3_budget10_pct99_k8: L=8663 finish=stop l_bar=1.366 L/l_bar=6341.8 final_ch=False wall=63.68s
[11/12] ok in 136s

[12/12] case_012 seed=0 arm=spec_casc_tok_hsr_guard -> /home/chiatzen/lossy-token-eff/logs/hsr_guard_c_rollout/specCascTokHsrGuard0.3_budget10_pct99_k8_case_012_seed0_20260824T034707Z.log
case_012 seed=0 mode=specCascTokHsrGuard0.3_budget10_pct99_k8: L=9269 finish=stop l_bar=1.241 L/l_bar=7466.8 final_ch=False wall=71.42s
[12/12] ok in 144s

wrote /home/chiatzen/lossy-token-eff/runs/livecodebench_qwen3/fresh_server_replay.json; 12/12 ok
dataset=livecodebench_qwen3 exited 0
########## dataset=livecodebench_qwen3 finished 2026-08-24T03:49:31Z ##########

=== hsr_guard_c_rollout.sh done 2026-08-24T03:49:31Z ===
