=== hsr_guard_scaleup.sh starting 2026-08-23T23:03:08Z ===

free space check before C_w150b10p99: 7G
########## scaleup candidate=C_w150b10p99 (window=150 budget=10 pct=99) started 2026-08-23T23:03:08Z ##########
8 run(s), one fresh server each

[1/8] case_002 seed=0 arm=spec_casc_tok_hsr_guard -> /home/chiatzen/lossy-token-eff/logs/hsr_guard_scaleup/specCascTokHsrGuard0.3_budget10_pct99_k8_case_002_seed0_20260823T230308Z.log
case_002 seed=0 mode=specCascTokHsrGuard0.3_budget10_pct99_k8: L=17199 finish=stop l_bar=1.25 L/l_bar=13763.9 final_ch=False wall=135.00s
[1/8] ok in 207s

[2/8] case_005 seed=0 arm=spec_casc_tok_hsr_guard -> /home/chiatzen/lossy-token-eff/logs/hsr_guard_scaleup/specCascTokHsrGuard0.3_budget10_pct99_k8_case_005_seed0_20260823T230635Z.log
case_005 seed=0 mode=specCascTokHsrGuard0.3_budget10_pct99_k8: L=18263 finish=stop l_bar=1.096 L/l_bar=16667.8 final_ch=False wall=151.56s
[2/8] ok in 226s

[3/8] case_006 seed=0 arm=spec_casc_tok_hsr_guard -> /home/chiatzen/lossy-token-eff/logs/hsr_guard_scaleup/specCascTokHsrGuard0.3_budget10_pct99_k8_case_006_seed0_20260823T231021Z.log
case_006 seed=0 mode=specCascTokHsrGuard0.3_budget10_pct99_k8: L=16862 finish=stop l_bar=1.281 L/l_bar=13166.5 final_ch=False wall=130.35s
[3/8] ok in 202s

[4/8] case_007 seed=0 arm=spec_casc_tok_hsr_guard -> /home/chiatzen/lossy-token-eff/logs/hsr_guard_scaleup/specCascTokHsrGuard0.3_budget10_pct99_k8_case_007_seed0_20260823T231343Z.log
case_007 seed=0 mode=specCascTokHsrGuard0.3_budget10_pct99_k8: L=17954 finish=stop l_bar=1.149 L/l_bar=15632.3 final_ch=False wall=145.94s
[4/8] ok in 218s

[5/8] case_008 seed=0 arm=spec_casc_tok_hsr_guard -> /home/chiatzen/lossy-token-eff/logs/hsr_guard_scaleup/specCascTokHsrGuard0.3_budget10_pct99_k8_case_008_seed0_20260823T231722Z.log
case_008 seed=0 mode=specCascTokHsrGuard0.3_budget10_pct99_k8: L=11123 finish=stop l_bar=1.244 L/l_bar=8943.5 final_ch=False wall=85.96s
[5/8] ok in 158s

[6/8] case_009 seed=0 arm=spec_casc_tok_hsr_guard -> /home/chiatzen/lossy-token-eff/logs/hsr_guard_scaleup/specCascTokHsrGuard0.3_budget10_pct99_k8_case_009_seed0_20260823T232000Z.log
case_009 seed=0 mode=specCascTokHsrGuard0.3_budget10_pct99_k8: L=11928 finish=stop l_bar=1.372 L/l_bar=8696.1 final_ch=False wall=87.36s
[6/8] ok in 159s

[7/8] case_010 seed=0 arm=spec_casc_tok_hsr_guard -> /home/chiatzen/lossy-token-eff/logs/hsr_guard_scaleup/specCascTokHsrGuard0.3_budget10_pct99_k8_case_010_seed0_20260823T232239Z.log
case_010 seed=0 mode=specCascTokHsrGuard0.3_budget10_pct99_k8: L=10199 finish=stop l_bar=1.29 L/l_bar=7908.5 final_ch=False wall=76.44s
[7/8] ok in 149s

[8/8] case_012 seed=0 arm=spec_casc_tok_hsr_guard -> /home/chiatzen/lossy-token-eff/logs/hsr_guard_scaleup/specCascTokHsrGuard0.3_budget10_pct99_k8_case_012_seed0_20260823T232508Z.log
case_012 seed=0 mode=specCascTokHsrGuard0.3_budget10_pct99_k8: L=11178 finish=stop l_bar=1.303 L/l_bar=8581.1 final_ch=False wall=85.77s
[8/8] ok in 158s

wrote /home/chiatzen/lossy-token-eff/runs/aime24_qwen3/fresh_server_replay.json; 8/8 ok
candidate=C_w150b10p99 scaleup exited 0
########## scaleup candidate=C_w150b10p99 finished 2026-08-23T23:27:46Z ##########

free space check before B_w300b10p99.9: 7G
########## scaleup candidate=B_w300b10p99.9 (window=300 budget=10 pct=99.9) started 2026-08-23T23:27:46Z ##########
8 run(s), one fresh server each

[1/8] case_002 seed=0 arm=spec_casc_tok_hsr_guard -> /home/chiatzen/lossy-token-eff/logs/hsr_guard_scaleup/specCascTokHsrGuard0.3_budget10_pct99.9_k8_case_002_seed0_20260823T232746Z.log
case_002 seed=0 mode=specCascTokHsrGuard0.3_budget10_pct99.9_k8: L=19362 finish=stop l_bar=1.269 L/l_bar=15251.8 final_ch=False wall=159.75s
[1/8] ok in 232s

[2/8] case_005 seed=0 arm=spec_casc_tok_hsr_guard -> /home/chiatzen/lossy-token-eff/logs/hsr_guard_scaleup/specCascTokHsrGuard0.3_budget10_pct99.9_k8_case_005_seed0_20260823T233138Z.log
case_005 seed=0 mode=specCascTokHsrGuard0.3_budget10_pct99.9_k8: L=19130 finish=stop l_bar=1.146 L/l_bar=16690.1 final_ch=False wall=165.91s
[2/8] ok in 238s

[3/8] case_006 seed=0 arm=spec_casc_tok_hsr_guard -> /home/chiatzen/lossy-token-eff/logs/hsr_guard_scaleup/specCascTokHsrGuard0.3_budget10_pct99.9_k8_case_006_seed0_20260823T233536Z.log
case_006 seed=0 mode=specCascTokHsrGuard0.3_budget10_pct99.9_k8: L=23981 finish=stop l_bar=1.185 L/l_bar=20230.9 final_ch=False wall=207.68s
[3/8] ok in 282s

[4/8] case_007 seed=0 arm=spec_casc_tok_hsr_guard -> /home/chiatzen/lossy-token-eff/logs/hsr_guard_scaleup/specCascTokHsrGuard0.3_budget10_pct99.9_k8_case_007_seed0_20260823T234018Z.log
case_007 seed=0 mode=specCascTokHsrGuard0.3_budget10_pct99.9_k8: L=15476 finish=stop l_bar=1.153 L/l_bar=13420.1 final_ch=False wall=132.58s
[4/8] ok in 205s

[5/8] case_008 seed=0 arm=spec_casc_tok_hsr_guard -> /home/chiatzen/lossy-token-eff/logs/hsr_guard_scaleup/specCascTokHsrGuard0.3_budget10_pct99.9_k8_case_008_seed0_20260823T234342Z.log
case_008 seed=0 mode=specCascTokHsrGuard0.3_budget10_pct99.9_k8: L=9001 finish=stop l_bar=1.153 L/l_bar=7809.3 final_ch=False wall=75.24s
[5/8] ok in 147s

[6/8] case_009 seed=0 arm=spec_casc_tok_hsr_guard -> /home/chiatzen/lossy-token-eff/logs/hsr_guard_scaleup/specCascTokHsrGuard0.3_budget10_pct99.9_k8_case_009_seed0_20260823T234610Z.log
case_009 seed=0 mode=specCascTokHsrGuard0.3_budget10_pct99.9_k8: L=11999 finish=stop l_bar=1.437 L/l_bar=8352.1 final_ch=False wall=91.71s
[6/8] ok in 164s

[7/8] case_010 seed=0 arm=spec_casc_tok_hsr_guard -> /home/chiatzen/lossy-token-eff/logs/hsr_guard_scaleup/specCascTokHsrGuard0.3_budget10_pct99.9_k8_case_010_seed0_20260823T234854Z.log
case_010 seed=0 mode=specCascTokHsrGuard0.3_budget10_pct99.9_k8: L=8237 finish=stop l_bar=1.29 L/l_bar=6386.8 final_ch=False wall=65.27s
[7/8] ok in 138s

[8/8] case_012 seed=0 arm=spec_casc_tok_hsr_guard -> /home/chiatzen/lossy-token-eff/logs/hsr_guard_scaleup/specCascTokHsrGuard0.3_budget10_pct99.9_k8_case_012_seed0_20260823T235112Z.log
case_012 seed=0 mode=specCascTokHsrGuard0.3_budget10_pct99.9_k8: L=7382 finish=stop l_bar=1.269 L/l_bar=5817.3 final_ch=False wall=58.46s
[8/8] ok in 130s

wrote /home/chiatzen/lossy-token-eff/runs/aime24_qwen3/fresh_server_replay.json; 8/8 ok
candidate=B_w300b10p99.9 scaleup exited 0
########## scaleup candidate=B_w300b10p99.9 finished 2026-08-23T23:53:22Z ##########

free space check before A_w600b5p99.9: 7G
########## scaleup candidate=A_w600b5p99.9 (window=600 budget=5 pct=99.9) started 2026-08-23T23:53:22Z ##########
8 run(s), one fresh server each

[1/8] case_002 seed=0 arm=spec_casc_tok_hsr_guard -> /home/chiatzen/lossy-token-eff/logs/hsr_guard_scaleup/specCascTokHsrGuard0.3_budget5_pct99.9_k8_case_002_seed0_20260823T235322Z.log
case_002 seed=0 mode=specCascTokHsrGuard0.3_budget5_pct99.9_k8: L=18702 finish=stop l_bar=1.279 L/l_bar=14623.0 final_ch=False wall=174.59s
[1/8] ok in 249s

[2/8] case_005 seed=0 arm=spec_casc_tok_hsr_guard -> /home/chiatzen/lossy-token-eff/logs/hsr_guard_scaleup/specCascTokHsrGuard0.3_budget5_pct99.9_k8_case_005_seed0_20260823T235731Z.log
case_005 seed=0 mode=specCascTokHsrGuard0.3_budget5_pct99.9_k8: L=18351 finish=stop l_bar=1.135 L/l_bar=16172.4 final_ch=False wall=180.88s
[2/8] ok in 253s

[3/8] case_006 seed=0 arm=spec_casc_tok_hsr_guard -> /home/chiatzen/lossy-token-eff/logs/hsr_guard_scaleup/specCascTokHsrGuard0.3_budget5_pct99.9_k8_case_006_seed0_20260824T000144Z.log
case_006 seed=0 mode=specCascTokHsrGuard0.3_budget5_pct99.9_k8: L=8511 finish=stop l_bar=1.339 L/l_bar=6358.4 final_ch=False wall=76.48s
[3/8] ok in 149s

[4/8] case_007 seed=0 arm=spec_casc_tok_hsr_guard -> /home/chiatzen/lossy-token-eff/logs/hsr_guard_scaleup/specCascTokHsrGuard0.3_budget5_pct99.9_k8_case_007_seed0_20260824T000413Z.log
case_007 seed=0 mode=specCascTokHsrGuard0.3_budget5_pct99.9_k8: L=28374 finish=stop l_bar=1.042 L/l_bar=27227.6 final_ch=False wall=293.77s
[4/8] ok in 366s

[5/8] case_008 seed=0 arm=spec_casc_tok_hsr_guard -> /home/chiatzen/lossy-token-eff/logs/hsr_guard_scaleup/specCascTokHsrGuard0.3_budget5_pct99.9_k8_case_008_seed0_20260824T001019Z.log
case_008 seed=0 mode=specCascTokHsrGuard0.3_budget5_pct99.9_k8: L=7011 finish=stop l_bar=1.164 L/l_bar=6024.0 final_ch=False wall=65.26s
[5/8] ok in 138s

[6/8] case_009 seed=0 arm=spec_casc_tok_hsr_guard -> /home/chiatzen/lossy-token-eff/logs/hsr_guard_scaleup/specCascTokHsrGuard0.3_budget5_pct99.9_k8_case_009_seed0_20260824T001236Z.log
case_009 seed=0 mode=specCascTokHsrGuard0.3_budget5_pct99.9_k8: L=9401 finish=stop l_bar=1.389 L/l_bar=6769.1 final_ch=False wall=82.85s
[6/8] ok in 155s

[7/8] case_010 seed=0 arm=spec_casc_tok_hsr_guard -> /home/chiatzen/lossy-token-eff/logs/hsr_guard_scaleup/specCascTokHsrGuard0.3_budget5_pct99.9_k8_case_010_seed0_20260824T001511Z.log
case_010 seed=0 mode=specCascTokHsrGuard0.3_budget5_pct99.9_k8: L=10305 finish=stop l_bar=1.296 L/l_bar=7952.0 final_ch=False wall=92.78s
[7/8] ok in 167s

[8/8] case_012 seed=0 arm=spec_casc_tok_hsr_guard -> /home/chiatzen/lossy-token-eff/logs/hsr_guard_scaleup/specCascTokHsrGuard0.3_budget5_pct99.9_k8_case_012_seed0_20260824T001758Z.log
case_012 seed=0 mode=specCascTokHsrGuard0.3_budget5_pct99.9_k8: L=8448 finish=stop l_bar=1.256 L/l_bar=6728.6 final_ch=False wall=77.06s
[8/8] ok in 149s

wrote /home/chiatzen/lossy-token-eff/runs/aime24_qwen3/fresh_server_replay.json; 8/8 ok
candidate=A_w600b5p99.9 scaleup exited 0
########## scaleup candidate=A_w600b5p99.9 finished 2026-08-24T00:20:27Z ##########

=== hsr_guard_scaleup.sh done 2026-08-24T00:20:27Z ===
