=== hsr_guard_radical_backfill.sh starting 2026-08-23T22:10:13Z ===

########## backfill candidate=C_w150b10p99 (case_003 case_004 case_011) started 2026-08-23T22:10:13Z ##########
3 run(s), one fresh server each

[1/3] case_003 seed=0 arm=spec_casc_tok_hsr_guard -> /home/chiatzen/lossy-token-eff/logs/hsr_guard_radical_pilot/specCascTokHsrGuard0.3_budget10_pct99_k8_case_003_seed0_20260823T221013Z.log
case_003 seed=0 mode=specCascTokHsrGuard0.3_budget10_pct99_k8: L=30202 finish=stop l_bar=0.885 L/l_bar=34132.2 final_ch=False wall=287.84s
[1/3] ok in 360s

[2/3] case_004 seed=0 arm=spec_casc_tok_hsr_guard -> /home/chiatzen/lossy-token-eff/logs/hsr_guard_radical_pilot/specCascTokHsrGuard0.3_budget10_pct99_k8_case_004_seed0_20260823T221613Z.log
case_004 seed=0 mode=specCascTokHsrGuard0.3_budget10_pct99_k8: L=32768 finish=length l_bar=1.087 L/l_bar=30143.4 final_ch=False wall=283.93s
[2/3] ok in 358s

[3/3] case_011 seed=0 arm=spec_casc_tok_hsr_guard -> /home/chiatzen/lossy-token-eff/logs/hsr_guard_radical_pilot/specCascTokHsrGuard0.3_budget10_pct99_k8_case_011_seed0_20260823T222211Z.log
case_011 seed=0 mode=specCascTokHsrGuard0.3_budget10_pct99_k8: L=20595 finish=stop l_bar=1.183 L/l_bar=17403.0 final_ch=False wall=167.28s
[3/3] ok in 239s

wrote /home/chiatzen/lossy-token-eff/runs/aime24_qwen3/fresh_server_replay.json; 3/3 ok
candidate=C backfill exited 0
########## backfill candidate=C_w150b10p99 finished 2026-08-23T22:26:11Z ##########

########## backfill candidate=A_w600b5p99.9 (case_001 case_003 case_004) started 2026-08-23T22:26:11Z ##########
3 run(s), one fresh server each

[1/3] case_001 seed=0 arm=spec_casc_tok_hsr_guard -> /home/chiatzen/lossy-token-eff/logs/hsr_guard_radical_pilot/specCascTokHsrGuard0.3_budget5_pct99.9_k8_case_001_seed0_20260823T222611Z.log
case_001 seed=0 mode=specCascTokHsrGuard0.3_budget5_pct99.9_k8: L=8550 finish=stop l_bar=1.606 L/l_bar=5325.1 final_ch=False wall=69.46s
[1/3] ok in 142s

[2/3] case_003 seed=0 arm=spec_casc_tok_hsr_guard -> /home/chiatzen/lossy-token-eff/logs/hsr_guard_radical_pilot/specCascTokHsrGuard0.3_budget5_pct99.9_k8_case_003_seed0_20260823T222832Z.log
case_003 seed=0 mode=specCascTokHsrGuard0.3_budget5_pct99.9_k8: L=32768 finish=length l_bar=0.801 L/l_bar=40915.0 final_ch=False wall=375.40s
[2/3] ok in 448s

[3/3] case_004 seed=0 arm=spec_casc_tok_hsr_guard -> /home/chiatzen/lossy-token-eff/logs/hsr_guard_radical_pilot/specCascTokHsrGuard0.3_budget5_pct99.9_k8_case_004_seed0_20260823T223600Z.log
case_004 seed=0 mode=specCascTokHsrGuard0.3_budget5_pct99.9_k8: L=32768 finish=length l_bar=1.07 L/l_bar=30624.5 final_ch=False wall=339.64s
[3/3] ok in 412s

wrote /home/chiatzen/lossy-token-eff/runs/aime24_qwen3/fresh_server_replay.json; 3/3 ok
candidate=A backfill exited 0
########## backfill candidate=A_w600b5p99.9 finished 2026-08-23T22:42:52Z ##########

=== hsr_guard_radical_backfill.sh done 2026-08-23T22:42:52Z ===
