=== hsr_guard_all_qwen3.sh starting 2026-08-23T12:08:05Z ===

free space check before mtbench_qwen3: 7G
########## dataset=mtbench_qwen3 started 2026-08-23T12:08:05Z (max_new_tokens=4096) ##########
24 run(s), one fresh server each

[1/24] case_001 seed=0 arm=spec_casc_tok -> /home/chiatzen/lossy-token-eff/logs/hsr_guard_qwen3/specCascTok0.3_case_001_seed0_20260823T120805Z.log
case_001 seed=0 mode=specCascTok0.3: L=2373 finish=stop l_bar=0.886 L/l_bar=2679.7 final_ch=False wall=23.07s
[1/24] ok in 109s

[2/24] case_001 seed=0 arm=spec_casc_tok_hsr_guard -> /home/chiatzen/lossy-token-eff/logs/hsr_guard_qwen3/specCascTokHsrGuard0.3_budget25_pct99.9_k8_case_001_seed0_20260823T120954Z.log
case_001 seed=0 mode=specCascTokHsrGuard0.3_budget25_pct99.9_k8: L=2373 finish=stop l_bar=0.886 L/l_bar=2679.7 final_ch=False wall=22.87s
[2/24] ok in 97s

[3/24] case_002 seed=0 arm=spec_casc_tok -> /home/chiatzen/lossy-token-eff/logs/hsr_guard_qwen3/specCascTok0.3_case_002_seed0_20260823T121131Z.log
case_002 seed=0 mode=specCascTok0.3: L=1190 finish=stop l_bar=0.899 L/l_bar=1323.2 final_ch=False wall=10.96s
[3/24] ok in 98s

[4/24] case_002 seed=0 arm=spec_casc_tok_hsr_guard -> /home/chiatzen/lossy-token-eff/logs/hsr_guard_qwen3/specCascTokHsrGuard0.3_budget25_pct99.9_k8_case_002_seed0_20260823T121309Z.log
case_002 seed=0 mode=specCascTokHsrGuard0.3_budget25_pct99.9_k8: L=1190 finish=stop l_bar=0.899 L/l_bar=1323.2 final_ch=False wall=10.95s
[4/24] ok in 83s

[5/24] case_003 seed=0 arm=spec_casc_tok -> /home/chiatzen/lossy-token-eff/logs/hsr_guard_qwen3/specCascTok0.3_case_003_seed0_20260823T121432Z.log
case_003 seed=0 mode=specCascTok0.3: L=1062 finish=stop l_bar=1.131 L/l_bar=939.4 final_ch=False wall=9.11s
[5/24] ok in 95s

[6/24] case_003 seed=0 arm=spec_casc_tok_hsr_guard -> /home/chiatzen/lossy-token-eff/logs/hsr_guard_qwen3/specCascTokHsrGuard0.3_budget25_pct99.9_k8_case_003_seed0_20260823T121607Z.log
case_003 seed=0 mode=specCascTokHsrGuard0.3_budget25_pct99.9_k8: L=1062 finish=stop l_bar=1.131 L/l_bar=939.4 final_ch=False wall=8.83s
[6/24] ok in 81s

[7/24] case_004 seed=0 arm=spec_casc_tok -> /home/chiatzen/lossy-token-eff/logs/hsr_guard_qwen3/specCascTok0.3_case_004_seed0_20260823T121728Z.log
case_004 seed=0 mode=specCascTok0.3: L=1778 finish=stop l_bar=1.448 L/l_bar=1228.2 final_ch=False wall=13.92s
[7/24] ok in 100s

[8/24] case_004 seed=0 arm=spec_casc_tok_hsr_guard -> /home/chiatzen/lossy-token-eff/logs/hsr_guard_qwen3/specCascTokHsrGuard0.3_budget25_pct99.9_k8_case_004_seed0_20260823T121908Z.log
case_004 seed=0 mode=specCascTokHsrGuard0.3_budget25_pct99.9_k8: L=1778 finish=stop l_bar=1.448 L/l_bar=1228.2 final_ch=False wall=13.88s
[8/24] ok in 86s

[9/24] case_005 seed=0 arm=spec_casc_tok -> /home/chiatzen/lossy-token-eff/logs/hsr_guard_qwen3/specCascTok0.3_case_005_seed0_20260823T122034Z.log
case_005 seed=0 mode=specCascTok0.3: L=466 finish=stop l_bar=1.302 L/l_bar=357.9 final_ch=False wall=3.27s
[9/24] ok in 89s

[10/24] case_005 seed=0 arm=spec_casc_tok_hsr_guard -> /home/chiatzen/lossy-token-eff/logs/hsr_guard_qwen3/specCascTokHsrGuard0.3_budget25_pct99.9_k8_case_005_seed0_20260823T122204Z.log
case_005 seed=0 mode=specCascTokHsrGuard0.3_budget25_pct99.9_k8: L=466 finish=stop l_bar=1.302 L/l_bar=357.9 final_ch=False wall=3.26s
[10/24] ok in 75s

[11/24] case_006 seed=0 arm=spec_casc_tok -> /home/chiatzen/lossy-token-eff/logs/hsr_guard_qwen3/specCascTok0.3_case_006_seed0_20260823T122319Z.log
case_006 seed=0 mode=specCascTok0.3: L=3139 finish=stop l_bar=1.608 L/l_bar=1951.5 final_ch=False wall=24.39s
[11/24] ok in 111s

[12/24] case_006 seed=0 arm=spec_casc_tok_hsr_guard -> /home/chiatzen/lossy-token-eff/logs/hsr_guard_qwen3/specCascTokHsrGuard0.3_budget25_pct99.9_k8_case_006_seed0_20260823T122510Z.log
case_006 seed=0 mode=specCascTokHsrGuard0.3_budget25_pct99.9_k8: L=3139 finish=stop l_bar=1.608 L/l_bar=1951.5 final_ch=False wall=24.29s
[12/24] ok in 96s

[13/24] case_007 seed=0 arm=spec_casc_tok -> /home/chiatzen/lossy-token-eff/logs/hsr_guard_qwen3/specCascTok0.3_case_007_seed0_20260823T122646Z.log
case_007 seed=0 mode=specCascTok0.3: L=4096 finish=length l_bar=1.176 L/l_bar=3482.1 final_ch=False wall=36.33s
[13/24] ok in 124s

[14/24] case_007 seed=0 arm=spec_casc_tok_hsr_guard -> /home/chiatzen/lossy-token-eff/logs/hsr_guard_qwen3/specCascTokHsrGuard0.3_budget25_pct99.9_k8_case_007_seed0_20260823T122851Z.log
case_007 seed=0 mode=specCascTokHsrGuard0.3_budget25_pct99.9_k8: L=4096 finish=length l_bar=1.176 L/l_bar=3482.1 final_ch=False wall=36.35s
[14/24] ok in 108s

[15/24] case_008 seed=0 arm=spec_casc_tok -> /home/chiatzen/lossy-token-eff/logs/hsr_guard_qwen3/specCascTok0.3_case_008_seed0_20260823T123039Z.log
case_008 seed=0 mode=specCascTok0.3: L=2228 finish=stop l_bar=1.499 L/l_bar=1486.4 final_ch=False wall=17.41s
[15/24] ok in 104s

[16/24] case_008 seed=0 arm=spec_casc_tok_hsr_guard -> /home/chiatzen/lossy-token-eff/logs/hsr_guard_qwen3/specCascTokHsrGuard0.3_budget25_pct99.9_k8_case_008_seed0_20260823T123223Z.log
case_008 seed=0 mode=specCascTokHsrGuard0.3_budget25_pct99.9_k8: L=2228 finish=stop l_bar=1.499 L/l_bar=1486.4 final_ch=False wall=17.31s
[16/24] ok in 92s

[17/24] case_009 seed=0 arm=spec_casc_tok -> /home/chiatzen/lossy-token-eff/logs/hsr_guard_qwen3/specCascTok0.3_case_009_seed0_20260823T123355Z.log
case_009 seed=0 mode=specCascTok0.3: L=514 finish=stop l_bar=1.73 L/l_bar=297.1 final_ch=False wall=3.18s
[17/24] ok in 90s

[18/24] case_009 seed=0 arm=spec_casc_tok_hsr_guard -> /home/chiatzen/lossy-token-eff/logs/hsr_guard_qwen3/specCascTokHsrGuard0.3_budget25_pct99.9_k8_case_009_seed0_20260823T123524Z.log
case_009 seed=0 mode=specCascTokHsrGuard0.3_budget25_pct99.9_k8: L=514 finish=stop l_bar=1.73 L/l_bar=297.1 final_ch=False wall=3.17s
[18/24] ok in 75s

[19/24] case_010 seed=0 arm=spec_casc_tok -> /home/chiatzen/lossy-token-eff/logs/hsr_guard_qwen3/specCascTok0.3_case_010_seed0_20260823T123639Z.log
case_010 seed=0 mode=specCascTok0.3: L=1861 finish=stop l_bar=1.143 L/l_bar=1628.4 final_ch=False wall=16.09s
[19/24] ok in 103s

[20/24] case_010 seed=0 arm=spec_casc_tok_hsr_guard -> /home/chiatzen/lossy-token-eff/logs/hsr_guard_qwen3/specCascTokHsrGuard0.3_budget25_pct99.9_k8_case_010_seed0_20260823T123822Z.log
case_010 seed=0 mode=specCascTokHsrGuard0.3_budget25_pct99.9_k8: L=1861 finish=stop l_bar=1.143 L/l_bar=1628.4 final_ch=False wall=16.09s
[20/24] ok in 88s

[21/24] case_011 seed=0 arm=spec_casc_tok -> /home/chiatzen/lossy-token-eff/logs/hsr_guard_qwen3/specCascTok0.3_case_011_seed0_20260823T123950Z.log
case_011 seed=0 mode=specCascTok0.3: L=2689 finish=stop l_bar=0.873 L/l_bar=3079.3 final_ch=False wall=26.28s
[21/24] ok in 113s

[22/24] case_011 seed=0 arm=spec_casc_tok_hsr_guard -> /home/chiatzen/lossy-token-eff/logs/hsr_guard_qwen3/specCascTokHsrGuard0.3_budget25_pct99.9_k8_case_011_seed0_20260823T124142Z.log
case_011 seed=0 mode=specCascTokHsrGuard0.3_budget25_pct99.9_k8: L=2689 finish=stop l_bar=0.873 L/l_bar=3079.3 final_ch=False wall=26.34s
[22/24] ok in 100s

[23/24] case_012 seed=0 arm=spec_casc_tok -> /home/chiatzen/lossy-token-eff/logs/hsr_guard_qwen3/specCascTok0.3_case_012_seed0_20260823T124323Z.log
case_012 seed=0 mode=specCascTok0.3: L=3704 finish=stop l_bar=1.213 L/l_bar=3052.6 final_ch=False wall=32.35s
[23/24] ok in 119s

[24/24] case_012 seed=0 arm=spec_casc_tok_hsr_guard -> /home/chiatzen/lossy-token-eff/logs/hsr_guard_qwen3/specCascTokHsrGuard0.3_budget25_pct99.9_k8_case_012_seed0_20260823T124521Z.log
case_012 seed=0 mode=specCascTokHsrGuard0.3_budget25_pct99.9_k8: L=3704 finish=stop l_bar=1.213 L/l_bar=3052.6 final_ch=False wall=32.60s
[24/24] ok in 104s

wrote /home/chiatzen/lossy-token-eff/runs/mtbench_qwen3/fresh_server_replay.json; 24/24 ok
fresh_server_replay.py --prompt-root prompts/mtbench_qwen3 exited 0
########## dataset=mtbench_qwen3 finished 2026-08-23T12:47:06Z ##########

free space check before humaneval_qwen3: 7G
########## dataset=humaneval_qwen3 started 2026-08-23T12:47:06Z (max_new_tokens=9000) ##########
24 run(s), one fresh server each

[1/24] case_001 seed=0 arm=spec_casc_tok -> /home/chiatzen/lossy-token-eff/logs/hsr_guard_qwen3/specCascTok0.3_case_001_seed0_20260823T124706Z.log
case_001 seed=0 mode=specCascTok0.3: L=2313 finish=stop l_bar=1.586 L/l_bar=1458.4 final_ch=False wall=17.74s
[1/24] ok in 104s

[2/24] case_001 seed=0 arm=spec_casc_tok_hsr_guard -> /home/chiatzen/lossy-token-eff/logs/hsr_guard_qwen3/specCascTokHsrGuard0.3_budget25_pct99.9_k8_case_001_seed0_20260823T124850Z.log
case_001 seed=0 mode=specCascTokHsrGuard0.3_budget25_pct99.9_k8: L=2313 finish=stop l_bar=1.586 L/l_bar=1458.4 final_ch=False wall=17.75s
[2/24] ok in 90s

[3/24] case_002 seed=0 arm=spec_casc_tok -> /home/chiatzen/lossy-token-eff/logs/hsr_guard_qwen3/specCascTok0.3_case_002_seed0_20260823T125020Z.log
case_002 seed=0 mode=specCascTok0.3: L=4885 finish=stop l_bar=1.026 L/l_bar=4762.5 final_ch=False wall=46.21s
[3/24] ok in 133s

[4/24] case_002 seed=0 arm=spec_casc_tok_hsr_guard -> /home/chiatzen/lossy-token-eff/logs/hsr_guard_qwen3/specCascTokHsrGuard0.3_budget25_pct99.9_k8_case_002_seed0_20260823T125232Z.log
case_002 seed=0 mode=specCascTokHsrGuard0.3_budget25_pct99.9_k8: L=4885 finish=stop l_bar=1.026 L/l_bar=4762.5 final_ch=False wall=46.01s
[4/24] ok in 118s

[5/24] case_003 seed=0 arm=spec_casc_tok -> /home/chiatzen/lossy-token-eff/logs/hsr_guard_qwen3/specCascTok0.3_case_003_seed0_20260823T125430Z.log
case_003 seed=0 mode=specCascTok0.3: L=6034 finish=stop l_bar=1.418 L/l_bar=4254.5 final_ch=False wall=51.37s
[5/24] ok in 138s

[6/24] case_003 seed=0 arm=spec_casc_tok_hsr_guard -> /home/chiatzen/lossy-token-eff/logs/hsr_guard_qwen3/specCascTokHsrGuard0.3_budget25_pct99.9_k8_case_003_seed0_20260823T125648Z.log
case_003 seed=0 mode=specCascTokHsrGuard0.3_budget25_pct99.9_k8: L=6034 finish=stop l_bar=1.418 L/l_bar=4254.5 final_ch=False wall=50.40s
[6/24] ok in 122s

[7/24] case_004 seed=0 arm=spec_casc_tok -> /home/chiatzen/lossy-token-eff/logs/hsr_guard_qwen3/specCascTok0.3_case_004_seed0_20260823T125850Z.log
case_004 seed=0 mode=specCascTok0.3: L=1335 finish=stop l_bar=1.352 L/l_bar=987.3 final_ch=False wall=10.54s
[7/24] ok in 97s

[8/24] case_004 seed=0 arm=spec_casc_tok_hsr_guard -> /home/chiatzen/lossy-token-eff/logs/hsr_guard_qwen3/specCascTokHsrGuard0.3_budget25_pct99.9_k8_case_004_seed0_20260823T130027Z.log
case_004 seed=0 mode=specCascTokHsrGuard0.3_budget25_pct99.9_k8: L=1335 finish=stop l_bar=1.352 L/l_bar=987.3 final_ch=False wall=10.56s
[8/24] ok in 83s

[9/24] case_005 seed=0 arm=spec_casc_tok -> /home/chiatzen/lossy-token-eff/logs/hsr_guard_qwen3/specCascTok0.3_case_005_seed0_20260823T130149Z.log
case_005 seed=0 mode=specCascTok0.3: L=1295 finish=stop l_bar=1.492 L/l_bar=867.8 final_ch=False wall=9.79s
[9/24] ok in 96s

[10/24] case_005 seed=0 arm=spec_casc_tok_hsr_guard -> /home/chiatzen/lossy-token-eff/logs/hsr_guard_qwen3/specCascTokHsrGuard0.3_budget25_pct99.9_k8_case_005_seed0_20260823T130325Z.log
case_005 seed=0 mode=specCascTokHsrGuard0.3_budget25_pct99.9_k8: L=1295 finish=stop l_bar=1.492 L/l_bar=867.8 final_ch=False wall=9.88s
[10/24] ok in 82s

[11/24] case_006 seed=0 arm=spec_casc_tok -> /home/chiatzen/lossy-token-eff/logs/hsr_guard_qwen3/specCascTok0.3_case_006_seed0_20260823T130447Z.log
case_006 seed=0 mode=specCascTok0.3: L=1672 finish=stop l_bar=1.33 L/l_bar=1257.1 final_ch=False wall=13.62s
[11/24] ok in 100s

[12/24] case_006 seed=0 arm=spec_casc_tok_hsr_guard -> /home/chiatzen/lossy-token-eff/logs/hsr_guard_qwen3/specCascTokHsrGuard0.3_budget25_pct99.9_k8_case_006_seed0_20260823T130627Z.log
case_006 seed=0 mode=specCascTokHsrGuard0.3_budget25_pct99.9_k8: L=1672 finish=stop l_bar=1.33 L/l_bar=1257.1 final_ch=False wall=13.54s
[12/24] ok in 86s

[13/24] case_007 seed=0 arm=spec_casc_tok -> /home/chiatzen/lossy-token-eff/logs/hsr_guard_qwen3/specCascTok0.3_case_007_seed0_20260823T130753Z.log
case_007 seed=0 mode=specCascTok0.3: L=2081 finish=stop l_bar=1.224 L/l_bar=1699.7 final_ch=False wall=17.76s
[13/24] ok in 104s

[14/24] case_007 seed=0 arm=spec_casc_tok_hsr_guard -> /home/chiatzen/lossy-token-eff/logs/hsr_guard_qwen3/specCascTokHsrGuard0.3_budget25_pct99.9_k8_case_007_seed0_20260823T130937Z.log
case_007 seed=0 mode=specCascTokHsrGuard0.3_budget25_pct99.9_k8: L=2081 finish=stop l_bar=1.224 L/l_bar=1699.7 final_ch=False wall=17.88s
[14/24] ok in 90s

[15/24] case_008 seed=0 arm=spec_casc_tok -> /home/chiatzen/lossy-token-eff/logs/hsr_guard_qwen3/specCascTok0.3_case_008_seed0_20260823T131106Z.log
case_008 seed=0 mode=specCascTok0.3: L=1155 finish=stop l_bar=1.253 L/l_bar=921.5 final_ch=False wall=9.34s
[15/24] ok in 96s

[16/24] case_008 seed=0 arm=spec_casc_tok_hsr_guard -> /home/chiatzen/lossy-token-eff/logs/hsr_guard_qwen3/specCascTokHsrGuard0.3_budget25_pct99.9_k8_case_008_seed0_20260823T131242Z.log
case_008 seed=0 mode=specCascTokHsrGuard0.3_budget25_pct99.9_k8: L=1155 finish=stop l_bar=1.253 L/l_bar=921.5 final_ch=False wall=9.38s
[16/24] ok in 82s

[17/24] case_009 seed=0 arm=spec_casc_tok -> /home/chiatzen/lossy-token-eff/logs/hsr_guard_qwen3/specCascTok0.3_case_009_seed0_20260823T131404Z.log
case_009 seed=0 mode=specCascTok0.3: L=972 finish=stop l_bar=1.637 L/l_bar=593.8 final_ch=False wall=6.80s
[17/24] ok in 93s

[18/24] case_009 seed=0 arm=spec_casc_tok_hsr_guard -> /home/chiatzen/lossy-token-eff/logs/hsr_guard_qwen3/specCascTokHsrGuard0.3_budget25_pct99.9_k8_case_009_seed0_20260823T131537Z.log
case_009 seed=0 mode=specCascTokHsrGuard0.3_budget25_pct99.9_k8: L=972 finish=stop l_bar=1.637 L/l_bar=593.8 final_ch=False wall=6.76s
[18/24] ok in 79s

[19/24] case_010 seed=0 arm=spec_casc_tok -> /home/chiatzen/lossy-token-eff/logs/hsr_guard_qwen3/specCascTok0.3_case_010_seed0_20260823T131656Z.log
case_010 seed=0 mode=specCascTok0.3: L=1424 finish=stop l_bar=1.496 L/l_bar=952.1 final_ch=False wall=10.83s
[19/24] ok in 97s

[20/24] case_010 seed=0 arm=spec_casc_tok_hsr_guard -> /home/chiatzen/lossy-token-eff/logs/hsr_guard_qwen3/specCascTokHsrGuard0.3_budget25_pct99.9_k8_case_010_seed0_20260823T131832Z.log
case_010 seed=0 mode=specCascTokHsrGuard0.3_budget25_pct99.9_k8: L=1424 finish=stop l_bar=1.496 L/l_bar=952.1 final_ch=False wall=10.94s
[20/24] ok in 83s

[21/24] case_011 seed=0 arm=spec_casc_tok -> /home/chiatzen/lossy-token-eff/logs/hsr_guard_qwen3/specCascTok0.3_case_011_seed0_20260823T131955Z.log
case_011 seed=0 mode=specCascTok0.3: L=9000 finish=length l_bar=1.276 L/l_bar=7052.3 final_ch=False wall=79.67s
[21/24] ok in 166s

[22/24] case_011 seed=0 arm=spec_casc_tok_hsr_guard -> /home/chiatzen/lossy-token-eff/logs/hsr_guard_qwen3/specCascTokHsrGuard0.3_budget25_pct99.9_k8_case_011_seed0_20260823T132241Z.log
case_011 seed=0 mode=specCascTokHsrGuard0.3_budget25_pct99.9_k8: L=9000 finish=length l_bar=1.276 L/l_bar=7052.3 final_ch=False wall=79.20s
[22/24] ok in 153s

[23/24] case_012 seed=0 arm=spec_casc_tok -> /home/chiatzen/lossy-token-eff/logs/hsr_guard_qwen3/specCascTok0.3_case_012_seed0_20260823T132515Z.log
case_012 seed=0 mode=specCascTok0.3: L=2256 finish=stop l_bar=1.384 L/l_bar=1630.1 final_ch=False wall=18.24s
[23/24] ok in 104s

[24/24] case_012 seed=0 arm=spec_casc_tok_hsr_guard -> /home/chiatzen/lossy-token-eff/logs/hsr_guard_qwen3/specCascTokHsrGuard0.3_budget25_pct99.9_k8_case_012_seed0_20260823T132659Z.log
case_012 seed=0 mode=specCascTokHsrGuard0.3_budget25_pct99.9_k8: L=2256 finish=stop l_bar=1.384 L/l_bar=1630.1 final_ch=False wall=18.39s
[24/24] ok in 90s

wrote /home/chiatzen/lossy-token-eff/runs/humaneval_qwen3/fresh_server_replay.json; 24/24 ok
fresh_server_replay.py --prompt-root prompts/humaneval_qwen3 exited 0
########## dataset=humaneval_qwen3 finished 2026-08-23T13:28:29Z ##########

free space check before longbench_v2_qwen3: 7G
########## dataset=longbench_v2_qwen3 started 2026-08-23T13:28:29Z (max_new_tokens=8192) ##########
24 run(s), one fresh server each

[1/24] case_001 seed=0 arm=spec_casc_tok -> /home/chiatzen/lossy-token-eff/logs/hsr_guard_qwen3/specCascTok0.3_case_001_seed0_20260823T132829Z.log
case_001 seed=0 mode=specCascTok0.3: L=1248 finish=stop l_bar=0.355 L/l_bar=3511.2 final_ch=False wall=21.09s
[1/24] ok in 108s

[2/24] case_001 seed=0 arm=spec_casc_tok_hsr_guard -> /home/chiatzen/lossy-token-eff/logs/hsr_guard_qwen3/specCascTokHsrGuard0.3_budget25_pct99.9_k8_case_001_seed0_20260823T133017Z.log
case_001 seed=0 mode=specCascTokHsrGuard0.3_budget25_pct99.9_k8: L=1248 finish=stop l_bar=0.355 L/l_bar=3511.2 final_ch=False wall=20.96s
[2/24] ok in 93s

[3/24] case_002 seed=0 arm=spec_casc_tok -> /home/chiatzen/lossy-token-eff/logs/hsr_guard_qwen3/specCascTok0.3_case_002_seed0_20260823T133150Z.log
case_002 seed=0 mode=specCascTok0.3: L=1325 finish=stop l_bar=0.387 L/l_bar=3423.5 final_ch=False wall=23.50s
[3/24] ok in 110s

[4/24] case_002 seed=0 arm=spec_casc_tok_hsr_guard -> /home/chiatzen/lossy-token-eff/logs/hsr_guard_qwen3/specCascTokHsrGuard0.3_budget25_pct99.9_k8_case_002_seed0_20260823T133340Z.log
case_002 seed=0 mode=specCascTokHsrGuard0.3_budget25_pct99.9_k8: L=1325 finish=stop l_bar=0.387 L/l_bar=3423.5 final_ch=False wall=23.43s
[4/24] ok in 96s

[5/24] case_003 seed=0 arm=spec_casc_tok -> /home/chiatzen/lossy-token-eff/logs/hsr_guard_qwen3/specCascTok0.3_case_003_seed0_20260823T133515Z.log
case_003 seed=0 mode=specCascTok0.3: L=929 finish=stop l_bar=0.395 L/l_bar=2349.0 final_ch=False wall=14.73s
[5/24] ok in 101s

[6/24] case_003 seed=0 arm=spec_casc_tok_hsr_guard -> /home/chiatzen/lossy-token-eff/logs/hsr_guard_qwen3/specCascTokHsrGuard0.3_budget25_pct99.9_k8_case_003_seed0_20260823T133656Z.log
case_003 seed=0 mode=specCascTokHsrGuard0.3_budget25_pct99.9_k8: L=929 finish=stop l_bar=0.395 L/l_bar=2349.0 final_ch=False wall=14.70s
[6/24] ok in 87s

[7/24] case_004 seed=0 arm=spec_casc_tok -> /home/chiatzen/lossy-token-eff/logs/hsr_guard_qwen3/specCascTok0.3_case_004_seed0_20260823T133823Z.log
case_004 seed=0 mode=specCascTok0.3: L=1454 finish=stop l_bar=0.759 L/l_bar=1915.5 final_ch=False wall=16.91s
[7/24] ok in 103s

[8/24] case_004 seed=0 arm=spec_casc_tok_hsr_guard -> /home/chiatzen/lossy-token-eff/logs/hsr_guard_qwen3/specCascTokHsrGuard0.3_budget25_pct99.9_k8_case_004_seed0_20260823T134006Z.log
case_004 seed=0 mode=specCascTokHsrGuard0.3_budget25_pct99.9_k8: L=1454 finish=stop l_bar=0.759 L/l_bar=1915.5 final_ch=False wall=16.94s
[8/24] ok in 89s

[9/24] case_005 seed=0 arm=spec_casc_tok -> /home/chiatzen/lossy-token-eff/logs/hsr_guard_qwen3/specCascTok0.3_case_005_seed0_20260823T134135Z.log
case_005 seed=0 mode=specCascTok0.3: L=3788 finish=stop l_bar=1.11 L/l_bar=3411.9 final_ch=False wall=37.05s
[9/24] ok in 123s

[10/24] case_005 seed=0 arm=spec_casc_tok_hsr_guard -> /home/chiatzen/lossy-token-eff/logs/hsr_guard_qwen3/specCascTokHsrGuard0.3_budget25_pct99.9_k8_case_005_seed0_20260823T134339Z.log
case_005 seed=0 mode=specCascTokHsrGuard0.3_budget25_pct99.9_k8: L=3788 finish=stop l_bar=1.11 L/l_bar=3411.9 final_ch=False wall=37.29s
[10/24] ok in 109s

[11/24] case_006 seed=0 arm=spec_casc_tok -> /home/chiatzen/lossy-token-eff/logs/hsr_guard_qwen3/specCascTok0.3_case_006_seed0_20260823T134528Z.log
case_006 seed=0 mode=specCascTok0.3: L=3911 finish=stop l_bar=0.519 L/l_bar=7535.1 final_ch=False wall=53.34s
[11/24] ok in 140s

[12/24] case_006 seed=0 arm=spec_casc_tok_hsr_guard -> /home/chiatzen/lossy-token-eff/logs/hsr_guard_qwen3/specCascTokHsrGuard0.3_budget25_pct99.9_k8_case_006_seed0_20260823T134748Z.log
case_006 seed=0 mode=specCascTokHsrGuard0.3_budget25_pct99.9_k8: L=3911 finish=stop l_bar=0.519 L/l_bar=7535.1 final_ch=False wall=53.26s
[12/24] ok in 125s

[13/24] case_007 seed=0 arm=spec_casc_tok -> /home/chiatzen/lossy-token-eff/logs/hsr_guard_qwen3/specCascTok0.3_case_007_seed0_20260823T134953Z.log
case_007 seed=0 mode=specCascTok0.3: L=1270 finish=stop l_bar=0.312 L/l_bar=4066.5 final_ch=False wall=22.57s
[13/24] ok in 109s

[14/24] case_007 seed=0 arm=spec_casc_tok_hsr_guard -> /home/chiatzen/lossy-token-eff/logs/hsr_guard_qwen3/specCascTokHsrGuard0.3_budget25_pct99.9_k8_case_007_seed0_20260823T135142Z.log
case_007 seed=0 mode=specCascTokHsrGuard0.3_budget25_pct99.9_k8: L=1270 finish=stop l_bar=0.312 L/l_bar=4066.5 final_ch=False wall=22.56s
[14/24] ok in 95s

[15/24] case_008 seed=0 arm=spec_casc_tok -> /home/chiatzen/lossy-token-eff/logs/hsr_guard_qwen3/specCascTok0.3_case_008_seed0_20260823T135317Z.log
case_008 seed=0 mode=specCascTok0.3: L=3137 finish=stop l_bar=1.46 L/l_bar=2149.2 final_ch=False wall=30.62s
[15/24] ok in 117s

[16/24] case_008 seed=0 arm=spec_casc_tok_hsr_guard -> /home/chiatzen/lossy-token-eff/logs/hsr_guard_qwen3/specCascTokHsrGuard0.3_budget25_pct99.9_k8_case_008_seed0_20260823T135514Z.log
case_008 seed=0 mode=specCascTokHsrGuard0.3_budget25_pct99.9_k8: L=3137 finish=stop l_bar=1.46 L/l_bar=2149.2 final_ch=False wall=30.43s
[16/24] ok in 103s

[17/24] case_009 seed=0 arm=spec_casc_tok -> /home/chiatzen/lossy-token-eff/logs/hsr_guard_qwen3/specCascTok0.3_case_009_seed0_20260823T135656Z.log
case_009 seed=0 mode=specCascTok0.3: L=6664 finish=stop l_bar=1.365 L/l_bar=4881.0 final_ch=False wall=64.62s
[17/24] ok in 151s

[18/24] case_009 seed=0 arm=spec_casc_tok_hsr_guard -> /home/chiatzen/lossy-token-eff/logs/hsr_guard_qwen3/specCascTokHsrGuard0.3_budget25_pct99.9_k8_case_009_seed0_20260823T135927Z.log
case_009 seed=0 mode=specCascTokHsrGuard0.3_budget25_pct99.9_k8: L=6664 finish=stop l_bar=1.365 L/l_bar=4881.0 final_ch=False wall=65.41s
[18/24] ok in 138s

[19/24] case_010 seed=0 arm=spec_casc_tok -> /home/chiatzen/lossy-token-eff/logs/hsr_guard_qwen3/specCascTok0.3_case_010_seed0_20260823T140145Z.log
case_010 seed=0 mode=specCascTok0.3: L=1387 finish=stop l_bar=0.353 L/l_bar=3931.1 final_ch=False wall=23.50s
[19/24] ok in 110s

[20/24] case_010 seed=0 arm=spec_casc_tok_hsr_guard -> /home/chiatzen/lossy-token-eff/logs/hsr_guard_qwen3/specCascTokHsrGuard0.3_budget25_pct99.9_k8_case_010_seed0_20260823T140335Z.log
case_010 seed=0 mode=specCascTokHsrGuard0.3_budget25_pct99.9_k8: L=1387 finish=stop l_bar=0.353 L/l_bar=3931.1 final_ch=False wall=23.49s
[20/24] ok in 96s

[21/24] case_011 seed=0 arm=spec_casc_tok -> /home/chiatzen/lossy-token-eff/logs/hsr_guard_qwen3/specCascTok0.3_case_011_seed0_20260823T140511Z.log
case_011 seed=0 mode=specCascTok0.3: L=1450 finish=stop l_bar=0.549 L/l_bar=2643.3 final_ch=False wall=19.03s
[21/24] ok in 106s

[22/24] case_011 seed=0 arm=spec_casc_tok_hsr_guard -> /home/chiatzen/lossy-token-eff/logs/hsr_guard_qwen3/specCascTokHsrGuard0.3_budget25_pct99.9_k8_case_011_seed0_20260823T140656Z.log
case_011 seed=0 mode=specCascTokHsrGuard0.3_budget25_pct99.9_k8: L=1450 finish=stop l_bar=0.549 L/l_bar=2643.3 final_ch=False wall=18.98s
[22/24] ok in 91s

[23/24] case_012 seed=0 arm=spec_casc_tok -> /home/chiatzen/lossy-token-eff/logs/hsr_guard_qwen3/specCascTok0.3_case_012_seed0_20260823T140828Z.log
case_012 seed=0 mode=specCascTok0.3: L=2792 finish=stop l_bar=0.872 L/l_bar=3202.2 final_ch=False wall=30.41s
[23/24] ok in 117s

[24/24] case_012 seed=0 arm=spec_casc_tok_hsr_guard -> /home/chiatzen/lossy-token-eff/logs/hsr_guard_qwen3/specCascTokHsrGuard0.3_budget25_pct99.9_k8_case_012_seed0_20260823T141025Z.log
case_012 seed=0 mode=specCascTokHsrGuard0.3_budget25_pct99.9_k8: L=2792 finish=stop l_bar=0.872 L/l_bar=3202.2 final_ch=False wall=30.46s
[24/24] ok in 103s

wrote /home/chiatzen/lossy-token-eff/runs/longbench_v2_qwen3/fresh_server_replay.json; 24/24 ok
fresh_server_replay.py --prompt-root prompts/longbench_v2_qwen3 exited 0
########## dataset=longbench_v2_qwen3 finished 2026-08-23T14:12:07Z ##########

free space check before livecodebench_qwen3: 7G
########## dataset=livecodebench_qwen3 started 2026-08-23T14:12:07Z (max_new_tokens=12000) ##########
24 run(s), one fresh server each

[1/24] case_001 seed=0 arm=spec_casc_tok -> /home/chiatzen/lossy-token-eff/logs/hsr_guard_qwen3/specCascTok0.3_case_001_seed0_20260823T141207Z.log
case_001 seed=0 mode=specCascTok0.3: L=3369 finish=stop l_bar=1.205 L/l_bar=2794.7 final_ch=False wall=29.51s
[1/24] ok in 116s

[2/24] case_001 seed=0 arm=spec_casc_tok_hsr_guard -> /home/chiatzen/lossy-token-eff/logs/hsr_guard_qwen3/specCascTokHsrGuard0.3_budget25_pct99.9_k8_case_001_seed0_20260823T141403Z.log
case_001 seed=0 mode=specCascTokHsrGuard0.3_budget25_pct99.9_k8: L=3369 finish=stop l_bar=1.205 L/l_bar=2794.7 final_ch=False wall=29.60s
[2/24] ok in 102s

[3/24] case_002 seed=0 arm=spec_casc_tok -> /home/chiatzen/lossy-token-eff/logs/hsr_guard_qwen3/specCascTok0.3_case_002_seed0_20260823T141545Z.log
case_002 seed=0 mode=specCascTok0.3: L=12000 finish=length l_bar=1.038 L/l_bar=11556.4 final_ch=False wall=115.92s
[3/24] ok in 203s

[4/24] case_002 seed=0 arm=spec_casc_tok_hsr_guard -> /home/chiatzen/lossy-token-eff/logs/hsr_guard_qwen3/specCascTokHsrGuard0.3_budget25_pct99.9_k8_case_002_seed0_20260823T141908Z.log
case_002 seed=0 mode=specCascTokHsrGuard0.3_budget25_pct99.9_k8: L=12000 finish=length l_bar=1.038 L/l_bar=11556.4 final_ch=False wall=116.40s
[4/24] ok in 189s

[5/24] case_003 seed=0 arm=spec_casc_tok -> /home/chiatzen/lossy-token-eff/logs/hsr_guard_qwen3/specCascTok0.3_case_003_seed0_20260823T142216Z.log
case_003 seed=0 mode=specCascTok0.3: L=12000 finish=length l_bar=1.212 L/l_bar=9897.8 final_ch=False wall=109.76s
[5/24] ok in 196s

[6/24] case_003 seed=0 arm=spec_casc_tok_hsr_guard -> /home/chiatzen/lossy-token-eff/logs/hsr_guard_qwen3/specCascTokHsrGuard0.3_budget25_pct99.9_k8_case_003_seed0_20260823T142532Z.log
case_003 seed=0 mode=specCascTokHsrGuard0.3_budget25_pct99.9_k8: L=12000 finish=length l_bar=1.212 L/l_bar=9897.8 final_ch=False wall=109.26s
[6/24] ok in 183s

[7/24] case_004 seed=0 arm=spec_casc_tok -> /home/chiatzen/lossy-token-eff/logs/hsr_guard_qwen3/specCascTok0.3_case_004_seed0_20260823T142835Z.log
case_004 seed=0 mode=specCascTok0.3: L=6442 finish=stop l_bar=1.199 L/l_bar=5372.9 final_ch=False wall=57.96s
[7/24] ok in 146s

[8/24] case_004 seed=0 arm=spec_casc_tok_hsr_guard -> /home/chiatzen/lossy-token-eff/logs/hsr_guard_qwen3/specCascTokHsrGuard0.3_budget25_pct99.9_k8_case_004_seed0_20260823T143102Z.log
case_004 seed=0 mode=specCascTokHsrGuard0.3_budget25_pct99.9_k8: L=6442 finish=stop l_bar=1.199 L/l_bar=5372.9 final_ch=False wall=57.72s
[8/24] ok in 130s

[9/24] case_005 seed=0 arm=spec_casc_tok -> /home/chiatzen/lossy-token-eff/logs/hsr_guard_qwen3/specCascTok0.3_case_005_seed0_20260823T143312Z.log
case_005 seed=0 mode=specCascTok0.3: L=9196 finish=stop l_bar=1.318 L/l_bar=6977.9 final_ch=False wall=81.38s
[9/24] ok in 168s

[10/24] case_005 seed=0 arm=spec_casc_tok_hsr_guard -> /home/chiatzen/lossy-token-eff/logs/hsr_guard_qwen3/specCascTokHsrGuard0.3_budget25_pct99.9_k8_case_005_seed0_20260823T143559Z.log
case_005 seed=0 mode=specCascTokHsrGuard0.3_budget25_pct99.9_k8: L=9196 finish=stop l_bar=1.318 L/l_bar=6977.9 final_ch=False wall=80.61s
[10/24] ok in 153s

[11/24] case_006 seed=0 arm=spec_casc_tok -> /home/chiatzen/lossy-token-eff/logs/hsr_guard_qwen3/specCascTok0.3_case_006_seed0_20260823T143832Z.log
case_006 seed=0 mode=specCascTok0.3: L=11263 finish=stop l_bar=1.147 L/l_bar=9817.9 final_ch=False wall=105.27s
[11/24] ok in 192s

[12/24] case_006 seed=0 arm=spec_casc_tok_hsr_guard -> /home/chiatzen/lossy-token-eff/logs/hsr_guard_qwen3/specCascTokHsrGuard0.3_budget25_pct99.9_k8_case_006_seed0_20260823T144144Z.log
case_006 seed=0 mode=specCascTokHsrGuard0.3_budget25_pct99.9_k8: L=11263 finish=stop l_bar=1.147 L/l_bar=9817.9 final_ch=False wall=104.59s
[12/24] ok in 177s

[13/24] case_007 seed=0 arm=spec_casc_tok -> /home/chiatzen/lossy-token-eff/logs/hsr_guard_qwen3/specCascTok0.3_case_007_seed0_20260823T144441Z.log
case_007 seed=0 mode=specCascTok0.3: L=9694 finish=stop l_bar=1.253 L/l_bar=7736.1 final_ch=False wall=87.21s
[13/24] ok in 176s

[14/24] case_007 seed=0 arm=spec_casc_tok_hsr_guard -> /home/chiatzen/lossy-token-eff/logs/hsr_guard_qwen3/specCascTokHsrGuard0.3_budget25_pct99.9_k8_case_007_seed0_20260823T144736Z.log
case_007 seed=0 mode=specCascTokHsrGuard0.3_budget25_pct99.9_k8: L=9694 finish=stop l_bar=1.253 L/l_bar=7736.1 final_ch=False wall=88.94s
[14/24] ok in 161s

[15/24] case_008 seed=0 arm=spec_casc_tok -> /home/chiatzen/lossy-token-eff/logs/hsr_guard_qwen3/specCascTok0.3_case_008_seed0_20260823T145017Z.log
case_008 seed=0 mode=specCascTok0.3: L=5735 finish=stop l_bar=1.297 L/l_bar=4420.8 final_ch=False wall=51.16s
[15/24] ok in 138s

[16/24] case_008 seed=0 arm=spec_casc_tok_hsr_guard -> /home/chiatzen/lossy-token-eff/logs/hsr_guard_qwen3/specCascTokHsrGuard0.3_budget25_pct99.9_k8_case_008_seed0_20260823T145235Z.log
case_008 seed=0 mode=specCascTokHsrGuard0.3_budget25_pct99.9_k8: L=5735 finish=stop l_bar=1.297 L/l_bar=4420.8 final_ch=False wall=50.04s
[16/24] ok in 122s

[17/24] case_009 seed=0 arm=spec_casc_tok -> /home/chiatzen/lossy-token-eff/logs/hsr_guard_qwen3/specCascTok0.3_case_009_seed0_20260823T145437Z.log
case_009 seed=0 mode=specCascTok0.3: L=11798 finish=stop l_bar=1.126 L/l_bar=10478.1 final_ch=False wall=111.29s
[17/24] ok in 198s

[18/24] case_009 seed=0 arm=spec_casc_tok_hsr_guard -> /home/chiatzen/lossy-token-eff/logs/hsr_guard_qwen3/specCascTokHsrGuard0.3_budget25_pct99.9_k8_case_009_seed0_20260823T145755Z.log
case_009 seed=0 mode=specCascTokHsrGuard0.3_budget25_pct99.9_k8: L=11798 finish=stop l_bar=1.126 L/l_bar=10478.1 final_ch=False wall=110.75s
[18/24] ok in 183s

[19/24] case_010 seed=0 arm=spec_casc_tok -> /home/chiatzen/lossy-token-eff/logs/hsr_guard_qwen3/specCascTok0.3_case_010_seed0_20260823T150058Z.log
case_010 seed=0 mode=specCascTok0.3: L=3141 finish=stop l_bar=1.263 L/l_bar=2487.4 final_ch=False wall=26.93s
[19/24] ok in 114s

[20/24] case_010 seed=0 arm=spec_casc_tok_hsr_guard -> /home/chiatzen/lossy-token-eff/logs/hsr_guard_qwen3/specCascTokHsrGuard0.3_budget25_pct99.9_k8_case_010_seed0_20260823T150251Z.log
case_010 seed=0 mode=specCascTokHsrGuard0.3_budget25_pct99.9_k8: L=3141 finish=stop l_bar=1.263 L/l_bar=2487.4 final_ch=False wall=27.18s
[20/24] ok in 99s

[21/24] case_011 seed=0 arm=spec_casc_tok -> /home/chiatzen/lossy-token-eff/logs/hsr_guard_qwen3/specCascTok0.3_case_011_seed0_20260823T150430Z.log
case_011 seed=0 mode=specCascTok0.3: L=12000 finish=length l_bar=1.336 L/l_bar=8985.1 final_ch=False wall=105.59s
[21/24] ok in 192s

[22/24] case_011 seed=0 arm=spec_casc_tok_hsr_guard -> /home/chiatzen/lossy-token-eff/logs/hsr_guard_qwen3/specCascTokHsrGuard0.3_budget25_pct99.9_k8_case_011_seed0_20260823T150742Z.log
case_011 seed=0 mode=specCascTokHsrGuard0.3_budget25_pct99.9_k8: L=12000 finish=length l_bar=1.336 L/l_bar=8985.1 final_ch=False wall=104.84s
[22/24] ok in 177s

[23/24] case_012 seed=0 arm=spec_casc_tok -> /home/chiatzen/lossy-token-eff/logs/hsr_guard_qwen3/specCascTok0.3_case_012_seed0_20260823T151039Z.log
case_012 seed=0 mode=specCascTok0.3: L=9246 finish=stop l_bar=1.215 L/l_bar=7610.5 final_ch=False wall=83.27s
[23/24] ok in 170s

[24/24] case_012 seed=0 arm=spec_casc_tok_hsr_guard -> /home/chiatzen/lossy-token-eff/logs/hsr_guard_qwen3/specCascTokHsrGuard0.3_budget25_pct99.9_k8_case_012_seed0_20260823T151329Z.log
case_012 seed=0 mode=specCascTokHsrGuard0.3_budget25_pct99.9_k8: L=9246 finish=stop l_bar=1.215 L/l_bar=7610.5 final_ch=False wall=83.98s
[24/24] ok in 156s

wrote /home/chiatzen/lossy-token-eff/runs/livecodebench_qwen3/fresh_server_replay.json; 24/24 ok
fresh_server_replay.py --prompt-root prompts/livecodebench_qwen3 exited 0
########## dataset=livecodebench_qwen3 finished 2026-08-23T15:16:05Z ##########

free space check before aime24_qwen3: 7G
########## dataset=aime24_qwen3 started 2026-08-23T15:16:05Z (max_new_tokens=32768) ##########
24 run(s), one fresh server each

[1/24] case_001 seed=0 arm=spec_casc_tok -> /home/chiatzen/lossy-token-eff/logs/hsr_guard_qwen3/specCascTok0.3_case_001_seed0_20260823T151605Z.log
case_001 seed=0 mode=specCascTok0.3: L=6350 finish=stop l_bar=1.542 L/l_bar=4119.0 final_ch=False wall=51.04s
[1/24] ok in 138s

[2/24] case_001 seed=0 arm=spec_casc_tok_hsr_guard -> /home/chiatzen/lossy-token-eff/logs/hsr_guard_qwen3/specCascTokHsrGuard0.3_budget25_pct99.9_k8_case_001_seed0_20260823T151822Z.log
case_001 seed=0 mode=specCascTokHsrGuard0.3_budget25_pct99.9_k8: L=6350 finish=stop l_bar=1.542 L/l_bar=4119.0 final_ch=False wall=51.86s
[2/24] ok in 124s

[3/24] case_002 seed=0 arm=spec_casc_tok -> /home/chiatzen/lossy-token-eff/logs/hsr_guard_qwen3/specCascTok0.3_case_002_seed0_20260823T152027Z.log
case_002 seed=0 mode=specCascTok0.3: L=13812 finish=stop l_bar=1.26 L/l_bar=10958.5 final_ch=False wall=124.60s
[3/24] ok in 211s

[4/24] case_002 seed=0 arm=spec_casc_tok_hsr_guard -> /home/chiatzen/lossy-token-eff/logs/hsr_guard_qwen3/specCascTokHsrGuard0.3_budget25_pct99.9_k8_case_002_seed0_20260823T152358Z.log
case_002 seed=0 mode=specCascTokHsrGuard0.3_budget25_pct99.9_k8: L=13812 finish=stop l_bar=1.26 L/l_bar=10958.5 final_ch=False wall=124.13s
[4/24] ok in 196s

[5/24] case_003 seed=0 arm=spec_casc_tok -> /home/chiatzen/lossy-token-eff/logs/hsr_guard_qwen3/specCascTok0.3_case_003_seed0_20260823T152714Z.log
case_003 seed=0 mode=specCascTok0.3: L=32768 finish=length l_bar=0.849 L/l_bar=38600.7 final_ch=False wall=360.11s
[5/24] ok in 446s

[6/24] case_003 seed=0 arm=spec_casc_tok_hsr_guard -> /home/chiatzen/lossy-token-eff/logs/hsr_guard_qwen3/specCascTokHsrGuard0.3_budget25_pct99.9_k8_case_003_seed0_20260823T153441Z.log
case_003 seed=0 mode=specCascTokHsrGuard0.3_budget25_pct99.9_k8: L=32768 finish=length l_bar=0.849 L/l_bar=38600.7 final_ch=False wall=363.52s
[6/24] ok in 436s

[7/24] case_004 seed=0 arm=spec_casc_tok -> /home/chiatzen/lossy-token-eff/logs/hsr_guard_qwen3/specCascTok0.3_case_004_seed0_20260823T154157Z.log
case_004 seed=0 mode=specCascTok0.3: L=32768 finish=length l_bar=1.112 L/l_bar=29474.3 final_ch=False wall=328.39s
[7/24] ok in 415s

[8/24] case_004 seed=0 arm=spec_casc_tok_hsr_guard -> /home/chiatzen/lossy-token-eff/logs/hsr_guard_qwen3/specCascTokHsrGuard0.3_budget25_pct99.9_k8_case_004_seed0_20260823T154852Z.log
case_004 seed=0 mode=specCascTokHsrGuard0.3_budget25_pct99.9_k8: L=32768 finish=length l_bar=1.112 L/l_bar=29474.3 final_ch=False wall=327.18s
[8/24] ok in 402s

[9/24] case_005 seed=0 arm=spec_casc_tok -> /home/chiatzen/lossy-token-eff/logs/hsr_guard_qwen3/specCascTok0.3_case_005_seed0_20260823T155533Z.log
case_005 seed=0 mode=specCascTok0.3: L=17026 finish=stop l_bar=1.156 L/l_bar=14726.4 final_ch=False wall=159.82s
[9/24] ok in 246s

[10/24] case_005 seed=0 arm=spec_casc_tok_hsr_guard -> /home/chiatzen/lossy-token-eff/logs/hsr_guard_qwen3/specCascTokHsrGuard0.3_budget25_pct99.9_k8_case_005_seed0_20260823T155939Z.log
case_005 seed=0 mode=specCascTokHsrGuard0.3_budget25_pct99.9_k8: L=17026 finish=stop l_bar=1.156 L/l_bar=14726.4 final_ch=False wall=163.06s
[10/24] ok in 238s

[11/24] case_006 seed=0 arm=spec_casc_tok -> /home/chiatzen/lossy-token-eff/logs/hsr_guard_qwen3/specCascTok0.3_case_006_seed0_20260823T160337Z.log
case_006 seed=0 mode=specCascTok0.3: L=16142 finish=stop l_bar=1.193 L/l_bar=13526.4 final_ch=False wall=149.74s
[11/24] ok in 236s

[12/24] case_006 seed=0 arm=spec_casc_tok_hsr_guard -> /home/chiatzen/lossy-token-eff/logs/hsr_guard_qwen3/specCascTokHsrGuard0.3_budget25_pct99.9_k8_case_006_seed0_20260823T160733Z.log
case_006 seed=0 mode=specCascTokHsrGuard0.3_budget25_pct99.9_k8: L=16142 finish=stop l_bar=1.193 L/l_bar=13526.4 final_ch=False wall=150.80s
[12/24] ok in 223s

[13/24] case_007 seed=0 arm=spec_casc_tok -> /home/chiatzen/lossy-token-eff/logs/hsr_guard_qwen3/specCascTok0.3_case_007_seed0_20260823T161116Z.log
case_007 seed=0 mode=specCascTok0.3: L=19049 finish=stop l_bar=1.168 L/l_bar=16312.6 final_ch=False wall=179.73s
[13/24] ok in 268s

[14/24] case_007 seed=0 arm=spec_casc_tok_hsr_guard -> /home/chiatzen/lossy-token-eff/logs/hsr_guard_qwen3/specCascTokHsrGuard0.3_budget25_pct99.9_k8_case_007_seed0_20260823T161544Z.log
case_007 seed=0 mode=specCascTokHsrGuard0.3_budget25_pct99.9_k8: L=19049 finish=stop l_bar=1.168 L/l_bar=16312.6 final_ch=False wall=180.30s
[14/24] ok in 253s

[15/24] case_008 seed=0 arm=spec_casc_tok -> /home/chiatzen/lossy-token-eff/logs/hsr_guard_qwen3/specCascTok0.3_case_008_seed0_20260823T161957Z.log
case_008 seed=0 mode=specCascTok0.3: L=7650 finish=stop l_bar=1.316 L/l_bar=5811.4 final_ch=False wall=66.24s
[15/24] ok in 153s

[16/24] case_008 seed=0 arm=spec_casc_tok_hsr_guard -> /home/chiatzen/lossy-token-eff/logs/hsr_guard_qwen3/specCascTokHsrGuard0.3_budget25_pct99.9_k8_case_008_seed0_20260823T162230Z.log
case_008 seed=0 mode=specCascTokHsrGuard0.3_budget25_pct99.9_k8: L=7650 finish=stop l_bar=1.316 L/l_bar=5811.4 final_ch=False wall=66.64s
[16/24] ok in 141s

[17/24] case_009 seed=0 arm=spec_casc_tok -> /home/chiatzen/lossy-token-eff/logs/hsr_guard_qwen3/specCascTok0.3_case_009_seed0_20260823T162451Z.log
case_009 seed=0 mode=specCascTok0.3: L=12301 finish=stop l_bar=1.334 L/l_bar=9218.3 final_ch=False wall=109.44s
[17/24] ok in 196s

[18/24] case_009 seed=0 arm=spec_casc_tok_hsr_guard -> /home/chiatzen/lossy-token-eff/logs/hsr_guard_qwen3/specCascTokHsrGuard0.3_budget25_pct99.9_k8_case_009_seed0_20260823T162807Z.log
case_009 seed=0 mode=specCascTokHsrGuard0.3_budget25_pct99.9_k8: L=12301 finish=stop l_bar=1.334 L/l_bar=9218.3 final_ch=False wall=108.42s
[18/24] ok in 181s

[19/24] case_010 seed=0 arm=spec_casc_tok -> /home/chiatzen/lossy-token-eff/logs/hsr_guard_qwen3/specCascTok0.3_case_010_seed0_20260823T163108Z.log
case_010 seed=0 mode=specCascTok0.3: L=10161 finish=stop l_bar=1.343 L/l_bar=7564.9 final_ch=False wall=88.28s
[19/24] ok in 175s

[20/24] case_010 seed=0 arm=spec_casc_tok_hsr_guard -> /home/chiatzen/lossy-token-eff/logs/hsr_guard_qwen3/specCascTokHsrGuard0.3_budget25_pct99.9_k8_case_010_seed0_20260823T163403Z.log
case_010 seed=0 mode=specCascTokHsrGuard0.3_budget25_pct99.9_k8: L=10161 finish=stop l_bar=1.343 L/l_bar=7564.9 final_ch=False wall=88.55s
[20/24] ok in 161s

[21/24] case_011 seed=0 arm=spec_casc_tok -> /home/chiatzen/lossy-token-eff/logs/hsr_guard_qwen3/specCascTok0.3_case_011_seed0_20260823T163644Z.log
case_011 seed=0 mode=specCascTok0.3: L=32765 finish=stop l_bar=1.07 L/l_bar=30625.2 final_ch=False wall=331.34s
[21/24] ok in 418s

[22/24] case_011 seed=0 arm=spec_casc_tok_hsr_guard -> /home/chiatzen/lossy-token-eff/logs/hsr_guard_qwen3/specCascTokHsrGuard0.3_budget25_pct99.9_k8_case_011_seed0_20260823T164342Z.log
case_011 seed=0 mode=specCascTokHsrGuard0.3_budget25_pct99.9_k8: L=32765 finish=stop l_bar=1.07 L/l_bar=30625.2 final_ch=False wall=333.48s
[22/24] ok in 406s

[23/24] case_012 seed=0 arm=spec_casc_tok -> /home/chiatzen/lossy-token-eff/logs/hsr_guard_qwen3/specCascTok0.3_case_012_seed0_20260823T165027Z.log
case_012 seed=0 mode=specCascTok0.3: L=10471 finish=stop l_bar=1.336 L/l_bar=7837.5 final_ch=False wall=91.45s
[23/24] ok in 180s

[24/24] case_012 seed=0 arm=spec_casc_tok_hsr_guard -> /home/chiatzen/lossy-token-eff/logs/hsr_guard_qwen3/specCascTokHsrGuard0.3_budget25_pct99.9_k8_case_012_seed0_20260823T165327Z.log
case_012 seed=0 mode=specCascTokHsrGuard0.3_budget25_pct99.9_k8: L=10471 finish=stop l_bar=1.336 L/l_bar=7837.5 final_ch=False wall=91.76s
[24/24] ok in 164s

wrote /home/chiatzen/lossy-token-eff/runs/aime24_qwen3/fresh_server_replay.json; 24/24 ok
fresh_server_replay.py --prompt-root prompts/aime24_qwen3 exited 0
########## dataset=aime24_qwen3 finished 2026-08-23T16:56:12Z ##########

=== hsr_guard_all_qwen3.sh done 2026-08-23T16:56:12Z ===
