=== hsr_guard_pct_pilot.sh starting 2026-08-24T04:39:54Z ===

free space check before D_w150b10p95: 7G
########## candidate=D_w150b10p95 (window=150 budget=10 pct=95) started 2026-08-24T04:39:54Z ##########
4 run(s), one fresh server each

[1/4] case_001 seed=0 arm=spec_casc_tok_hsr_guard -> /home/chiatzen/lossy-token-eff/logs/hsr_guard_pct_pilot/specCascTokHsrGuard0.3_budget10_pct95_k8_case_001_seed0_20260824T043954Z.log
case_001 seed=0 mode=specCascTokHsrGuard0.3_budget10_pct95_k8: L=6229 finish=stop l_bar=1.59 L/l_bar=3918.6 final_ch=False wall=41.85s
[1/4] ok in 114s

[2/4] case_003 seed=0 arm=spec_casc_tok_hsr_guard -> /home/chiatzen/lossy-token-eff/logs/hsr_guard_pct_pilot/specCascTokHsrGuard0.3_budget10_pct95_k8_case_003_seed0_20260824T044148Z.log
case_003 seed=0 mode=specCascTokHsrGuard0.3_budget10_pct95_k8: L=32768 finish=length l_bar=0.792 L/l_bar=41388.3 final_ch=False wall=331.69s
[2/4] ok in 404s

[3/4] case_004 seed=0 arm=spec_casc_tok_hsr_guard -> /home/chiatzen/lossy-token-eff/logs/hsr_guard_pct_pilot/specCascTokHsrGuard0.3_budget10_pct95_k8_case_004_seed0_20260824T044832Z.log
case_004 seed=0 mode=specCascTokHsrGuard0.3_budget10_pct95_k8: L=31019 finish=stop l_bar=1.035 L/l_bar=29984.5 final_ch=False wall=278.77s
[3/4] ok in 353s

[4/4] case_011 seed=0 arm=spec_casc_tok_hsr_guard -> /home/chiatzen/lossy-token-eff/logs/hsr_guard_pct_pilot/specCascTokHsrGuard0.3_budget10_pct95_k8_case_011_seed0_20260824T045425Z.log
case_011 seed=0 mode=specCascTokHsrGuard0.3_budget10_pct95_k8: L=12541 finish=stop l_bar=1.405 L/l_bar=8925.6 final_ch=False wall=92.11s
[4/4] ok in 166s

wrote /home/chiatzen/lossy-token-eff/runs/aime24_qwen3/fresh_server_replay.json; 4/4 ok
candidate=D_w150b10p95 exited 0
########## candidate=D_w150b10p95 finished 2026-08-24T04:57:11Z ##########

free space check before E_w150b10p90: 7G
########## candidate=E_w150b10p90 (window=150 budget=10 pct=90) started 2026-08-24T04:57:11Z ##########
4 run(s), one fresh server each

[1/4] case_001 seed=0 arm=spec_casc_tok_hsr_guard -> /home/chiatzen/lossy-token-eff/logs/hsr_guard_pct_pilot/specCascTokHsrGuard0.3_budget10_pct90_k8_case_001_seed0_20260824T045711Z.log
case_001 seed=0 mode=specCascTokHsrGuard0.3_budget10_pct90_k8: L=6560 finish=stop l_bar=1.548 L/l_bar=4237.2 final_ch=False wall=45.51s
[1/4] ok in 118s

[2/4] case_003 seed=0 arm=spec_casc_tok_hsr_guard -> /home/chiatzen/lossy-token-eff/logs/hsr_guard_pct_pilot/specCascTokHsrGuard0.3_budget10_pct90_k8_case_003_seed0_20260824T045908Z.log
case_003 seed=0 mode=specCascTokHsrGuard0.3_budget10_pct90_k8: L=32768 finish=length l_bar=0.821 L/l_bar=39900.0 final_ch=False wall=329.15s
[2/4] ok in 401s

[3/4] case_004 seed=0 arm=spec_casc_tok_hsr_guard -> /home/chiatzen/lossy-token-eff/logs/hsr_guard_pct_pilot/specCascTokHsrGuard0.3_budget10_pct90_k8_case_004_seed0_20260824T050550Z.log
case_004 seed=0 mode=specCascTokHsrGuard0.3_budget10_pct90_k8: L=32768 finish=length l_bar=1.059 L/l_bar=30930.9 final_ch=False wall=293.41s
[3/4] ok in 367s

[4/4] case_011 seed=0 arm=spec_casc_tok_hsr_guard -> /home/chiatzen/lossy-token-eff/logs/hsr_guard_pct_pilot/specCascTokHsrGuard0.3_budget10_pct90_k8_case_011_seed0_20260824T051157Z.log
case_011 seed=0 mode=specCascTokHsrGuard0.3_budget10_pct90_k8: L=15854 finish=stop l_bar=1.296 L/l_bar=12237.4 final_ch=False wall=123.98s
[4/4] ok in 196s

wrote /home/chiatzen/lossy-token-eff/runs/aime24_qwen3/fresh_server_replay.json; 4/4 ok
candidate=E_w150b10p90 exited 0
########## candidate=E_w150b10p90 finished 2026-08-24T05:15:13Z ##########

=== hsr_guard_pct_pilot.sh done 2026-08-24T05:15:13Z ===
