=== extend50 (pid 1910221) exited at 2026-08-28T23:19:44Z, rerunning reports ===
wrote /home/chiatzen/lossy-token-eff/campaign/tables/gsm8k.csv (768 rows)
wrote /home/chiatzen/lossy-token-eff/campaign/results/gsm8k.csv (15 rows)
wrote /home/chiatzen/lossy-token-eff/campaign/graphs/gsm8k.png
wrote /home/chiatzen/lossy-token-eff/campaign/graphs/gsm8k_accuracy.png
wrote /home/chiatzen/lossy-token-eff/campaign/tables/gsm8k_qwen3.csv (757 rows)
wrote /home/chiatzen/lossy-token-eff/campaign/results/gsm8k_qwen3.csv (14 rows)
wrote /home/chiatzen/lossy-token-eff/campaign/graphs/gsm8k_qwen3.png
wrote /home/chiatzen/lossy-token-eff/campaign/graphs/gsm8k_qwen3_accuracy.png
wrote /home/chiatzen/lossy-token-eff/campaign/tables/humaneval.csv (674 rows)
wrote /home/chiatzen/lossy-token-eff/campaign/results/humaneval.csv (13 rows)
wrote /home/chiatzen/lossy-token-eff/campaign/graphs/humaneval.png
wrote /home/chiatzen/lossy-token-eff/campaign/graphs/humaneval_accuracy.png
wrote /home/chiatzen/lossy-token-eff/campaign/tables/humaneval_qwen3.csv (710 rows)
wrote /home/chiatzen/lossy-token-eff/campaign/results/humaneval_qwen3.csv (13 rows)
wrote /home/chiatzen/lossy-token-eff/campaign/graphs/humaneval_qwen3.png
wrote /home/chiatzen/lossy-token-eff/campaign/graphs/humaneval_qwen3_accuracy.png
wrote /home/chiatzen/lossy-token-eff/campaign/tables/livecodebench.csv (721 rows)
wrote /home/chiatzen/lossy-token-eff/campaign/results/livecodebench.csv (14 rows)
wrote /home/chiatzen/lossy-token-eff/campaign/graphs/livecodebench.png
wrote /home/chiatzen/lossy-token-eff/campaign/graphs/livecodebench_accuracy.png
wrote /home/chiatzen/lossy-token-eff/campaign/tables/livecodebench_qwen3.csv (710 rows)
wrote /home/chiatzen/lossy-token-eff/campaign/results/livecodebench_qwen3.csv (13 rows)
wrote /home/chiatzen/lossy-token-eff/campaign/graphs/livecodebench_qwen3.png
wrote /home/chiatzen/lossy-token-eff/campaign/graphs/livecodebench_qwen3_accuracy.png
wrote /home/chiatzen/lossy-token-eff/campaign/tables/longbench_v2.csv (768 rows)
wrote /home/chiatzen/lossy-token-eff/campaign/results/longbench_v2.csv (15 rows)
wrote /home/chiatzen/lossy-token-eff/campaign/graphs/longbench_v2.png
wrote /home/chiatzen/lossy-token-eff/campaign/graphs/longbench_v2_accuracy.png
wrote /home/chiatzen/lossy-token-eff/campaign/tables/longbench_v2_qwen3.csv (663 rows)
wrote /home/chiatzen/lossy-token-eff/campaign/results/longbench_v2_qwen3.csv (12 rows)
wrote /home/chiatzen/lossy-token-eff/campaign/graphs/longbench_v2_qwen3.png
wrote /home/chiatzen/lossy-token-eff/campaign/graphs/longbench_v2_qwen3_accuracy.png
wrote /home/chiatzen/lossy-token-eff/campaign/tables/mtbench.csv (721 rows)
wrote /home/chiatzen/lossy-token-eff/campaign/results/mtbench.csv (14 rows)
  (no grader registered for mtbench yet -- accuracy column left blank; see GRADERS in this script)
wrote /home/chiatzen/lossy-token-eff/campaign/graphs/mtbench.png
  no grader registered for mtbench yet -- accuracy graph not written
wrote /home/chiatzen/lossy-token-eff/campaign/tables/mtbench_qwen3.csv (757 rows)
wrote /home/chiatzen/lossy-token-eff/campaign/results/mtbench_qwen3.csv (14 rows)
  (no grader registered for mtbench_qwen3 yet -- accuracy column left blank; see GRADERS in this script)
wrote /home/chiatzen/lossy-token-eff/campaign/graphs/mtbench_qwen3.png
  no grader registered for mtbench_qwen3 yet -- accuracy graph not written
=== extend50 report regeneration done 2026-08-28T23:20:52Z ===
